Archive member included to satisfy reference by file (symbol)

pico-ssd1306/libpico_ssd1306.a(ssd1306.cpp.obj)
                              CMakeFiles/dma_audio.dir/main.cpp.obj (pico_ssd1306::SSD1306::setPixel(short, short, pico_ssd1306::WriteMode))
pico-ssd1306/libpico_ssd1306.a(FrameBuffer.cpp.obj)
                              pico-ssd1306/libpico_ssd1306.a(ssd1306.cpp.obj) (FrameBuffer::FrameBuffer())
pico-ssd1306/textRenderer/libssd1306_textRenderer.a(TextRenderer.cpp.obj)
                              CMakeFiles/dma_audio.dir/main.cpp.obj (pico_ssd1306::drawText(pico_ssd1306::SSD1306*, unsigned char const*, char const*, unsigned char, unsigned char, pico_ssd1306::WriteMode, pico_ssd1306::Rotation))
c:/progra~2/gnuarm~1/102021~1.10/bin/../lib/gcc/arm-none-eabi/10.3.1/thumb/v6-m/nofp\libgcc.a(_dvmd_tls.o)
                              CMakeFiles/dma_audio.dir/C_/Users/ruair/.pico-sdk/sdk/2.1.0/src/rp2_common/pico_divider/divider_hardware.S.obj (__aeabi_idiv0)
c:/progra~2/gnuarm~1/102021~1.10/bin/../lib/gcc/arm-none-eabi/10.3.1/../../../../arm-none-eabi/lib/thumb/v6-m/nofp\libg.a(lib_a-calloc.o)
                              CMakeFiles/dma_audio.dir/C_/Users/ruair/.pico-sdk/sdk/2.1.0/src/rp2_common/pico_malloc/malloc.c.obj (calloc)
c:/progra~2/gnuarm~1/102021~1.10/bin/../lib/gcc/arm-none-eabi/10.3.1/../../../../arm-none-eabi/lib/thumb/v6-m/nofp\libg.a(lib_a-callocr.o)
                              c:/progra~2/gnuarm~1/102021~1.10/bin/../lib/gcc/arm-none-eabi/10.3.1/../../../../arm-none-eabi/lib/thumb/v6-m/nofp\libg.a(lib_a-calloc.o) (_calloc_r)
c:/progra~2/gnuarm~1/102021~1.10/bin/../lib/gcc/arm-none-eabi/10.3.1/../../../../arm-none-eabi/lib/thumb/v6-m/nofp\libg.a(lib_a-ctype_.o)
                              CMakeFiles/dma_audio.dir/C_/Users/ruair/.pico-sdk/sdk/2.1.0/lib/tinyusb/src/tusb.c.obj (_ctype_)
c:/progra~2/gnuarm~1/102021~1.10/bin/../lib/gcc/arm-none-eabi/10.3.1/../../../../arm-none-eabi/lib/thumb/v6-m/nofp\libg.a(lib_a-errno.o)
                              c:/progra~2/gnuarm~1/102021~1.10/bin/../lib/gcc/arm-none-eabi/10.3.1/../../../../arm-none-eabi/lib/thumb/v6-m/nofp\libg.a(lib_a-callocr.o) (__errno)
c:/progra~2/gnuarm~1/102021~1.10/bin/../lib/gcc/arm-none-eabi/10.3.1/../../../../arm-none-eabi/lib/thumb/v6-m/nofp\libg.a(lib_a-impure.o)
                              c:/progra~2/gnuarm~1/102021~1.10/bin/../lib/gcc/arm-none-eabi/10.3.1/../../../../arm-none-eabi/lib/thumb/v6-m/nofp\libg.a(lib_a-calloc.o) (_impure_ptr)
c:/progra~2/gnuarm~1/102021~1.10/bin/../lib/gcc/arm-none-eabi/10.3.1/../../../../arm-none-eabi/lib/thumb/v6-m/nofp\libg.a(lib_a-init.o)
                              c:/progra~2/gnuarm~1/102021~1.10/bin/../lib/gcc/arm-none-eabi/10.3.1/../../../../arm-none-eabi/lib/thumb/v6-m/nofp/crt0.o (__libc_init_array)
c:/progra~2/gnuarm~1/102021~1.10/bin/../lib/gcc/arm-none-eabi/10.3.1/../../../../arm-none-eabi/lib/thumb/v6-m/nofp\libg.a(lib_a-lcltime_r.o)
                              CMakeFiles/dma_audio.dir/C_/Users/ruair/.pico-sdk/sdk/2.1.0/src/common/pico_util/datetime.c.obj (localtime_r)
c:/progra~2/gnuarm~1/102021~1.10/bin/../lib/gcc/arm-none-eabi/10.3.1/../../../../arm-none-eabi/lib/thumb/v6-m/nofp\libg.a(lib_a-malloc.o)
                              CMakeFiles/dma_audio.dir/C_/Users/ruair/.pico-sdk/sdk/2.1.0/src/rp2_common/pico_malloc/malloc.c.obj (malloc)
c:/progra~2/gnuarm~1/102021~1.10/bin/../lib/gcc/arm-none-eabi/10.3.1/../../../../arm-none-eabi/lib/thumb/v6-m/nofp\libg.a(lib_a-mallocr.o)
                              c:/progra~2/gnuarm~1/102021~1.10/bin/../lib/gcc/arm-none-eabi/10.3.1/../../../../arm-none-eabi/lib/thumb/v6-m/nofp\libg.a(lib_a-callocr.o) (_malloc_r)
c:/progra~2/gnuarm~1/102021~1.10/bin/../lib/gcc/arm-none-eabi/10.3.1/../../../../arm-none-eabi/lib/thumb/v6-m/nofp\libg.a(lib_a-memcmp.o)
                              CMakeFiles/dma_audio.dir/C_/Users/ruair/.pico-sdk/sdk/2.1.0/src/rp2_common/pico_atomic/atomic.c.obj (memcmp)
c:/progra~2/gnuarm~1/102021~1.10/bin/../lib/gcc/arm-none-eabi/10.3.1/../../../../arm-none-eabi/lib/thumb/v6-m/nofp\libg.a(lib_a-mktime.o)
                              CMakeFiles/dma_audio.dir/C_/Users/ruair/.pico-sdk/sdk/2.1.0/src/common/pico_util/datetime.c.obj (mktime)
c:/progra~2/gnuarm~1/102021~1.10/bin/../lib/gcc/arm-none-eabi/10.3.1/../../../../arm-none-eabi/lib/thumb/v6-m/nofp\libg.a(lib_a-mlock.o)
                              c:/progra~2/gnuarm~1/102021~1.10/bin/../lib/gcc/arm-none-eabi/10.3.1/../../../../arm-none-eabi/lib/thumb/v6-m/nofp\libg.a(lib_a-mallocr.o) (__malloc_lock)
c:/progra~2/gnuarm~1/102021~1.10/bin/../lib/gcc/arm-none-eabi/10.3.1/../../../../arm-none-eabi/lib/thumb/v6-m/nofp\libg.a(lib_a-month_lengths.o)
                              c:/progra~2/gnuarm~1/102021~1.10/bin/../lib/gcc/arm-none-eabi/10.3.1/../../../../arm-none-eabi/lib/thumb/v6-m/nofp\libg.a(lib_a-lcltime_r.o) (__month_lengths)
[...]
Memory Configuration

Name             Origin             Length             Attributes
FLASH            0x10000000         0x00200000         xr
RAM              0x20000000         0x00040000         xrw
SCRATCH_X        0x20040000         0x00001000         xrw
SCRATCH_Y        0x20041000         0x00001000         xrw
*default*        0x00000000         0xffffffff

Linker script and memory map

LOAD c:/progra~2/gnuarm~1/102021~1.10/bin/../lib/gcc/arm-none-eabi/10.3.1/thumb/v6-m/nofp/crti.o
LOAD c:/progra~2/gnuarm~1/102021~1.10/bin/../lib/gcc/arm-none-eabi/10.3.1/thumb/v6-m/nofp/crtbegin.o
LOAD c:/progra~2/gnuarm~1/102021~1.10/bin/../lib/gcc/arm-none-eabi/10.3.1/../../../../arm-none-eabi/lib/thumb/v6-m/nofp/crt0.o

.flash_begin    0x10000000        0x0
                0x10000000                __flash_binary_start = .

.boot2          0x10000000      0x100
                0x10000000                __boot2_start__ = .
 *(.boot2)
 .boot2         0x10000000      0x100 pico-sdk/src/rp2040/boot_stage2/CMakeFiles/bs2_default_library.dir/./bs2_default_padded_checksummed.S.obj
                0x10000100                __boot2_end__ = .
                0x00000001                ASSERT (((__boot2_end__ - __boot2_start__) == 0x100), ERROR: Pico second stage bootloader must be 256 bytes in size)

.text           0x10000100     0x81fc
                0x10000100                __logical_binary_start = .
 *(.vectors)
 .vectors       0x10000100       0xd4 CMakeFiles/dma_audio.dir/C_/Users/ruair/.pico-sdk/sdk/2.1.0/src/rp2_common/pico_crt0/crt0.S.obj
                0x10000100                __VECTOR_TABLE
                0x10000100                __vectors
                0x100001c0                isr_invalid
                0x100001c0                __default_isrs_start
                0x100001c2                isr_nmi
                0x100001c4                isr_hardfault
                0x100001c6                isr_svcall
                0x100001c8                isr_pendsv
                0x100001ca                isr_systick
                0x100001cc                isr_irq23
                0x100001cc                isr_irq18
                0x100001cc                isr_irq11
                0x100001cc                isr_irq28
                0x100001cc                isr_irq19
                0x100001cc                isr_irq0
                0x100001cc                isr_irq6
                0x100001cc                isr_irq5
                0x100001cc                isr_irq12
                0x100001cc                isr_irq22
                0x100001cc                isr_irq31
                0x100001cc                isr_irq17
                0x100001cc                isr_irq27
                0x100001cc                isr_irq30
                0x100001cc                isr_irq2
                0x100001cc                isr_irq10
                0x100001cc                isr_irq8
                0x100001cc                isr_irq24
                0x100001cc                isr_irq1
                0x100001cc                isr_irq7
                0x100001cc                isr_irq21
                0x100001cc                isr_irq20
                0x100001cc                isr_irq15
                0x100001cc                isr_irq25
                0x100001cc                isr_irq13
                0x100001cc                __unhandled_user_irq
                0x100001cc                isr_irq4
                0x100001cc                isr_irq16
                0x100001cc                isr_irq29
                0x100001cc                isr_irq26
                0x100001cc                __default_isrs_end
                0x100001cc                isr_irq3
                0x100001cc                isr_irq14
                0x100001cc                isr_irq9
                0x100001d2                unhandled_user_irq_num_in_r0
 *(.binary_info_header)
 .binary_info_header
                0x100001d4       0x14 CMakeFiles/dma_audio.dir/C_/Users/ruair/.pico-sdk/sdk/2.1.0/src/rp2_common/pico_crt0/crt0.S.obj
                0x100001e8                __binary_info_header_end = .
 *(.embedded_block)
                0x100001e8                __embedded_block_end = .
 *(.reset)
 .reset         0x100001e8       0x9c CMakeFiles/dma_audio.dir/C_/Users/ruair/.pico-sdk/sdk/2.1.0/src/rp2_common/pico_crt0/crt0.S.obj
                0x100001e8                _entry_point
 *(.init)
 .init          0x10000284        0x4 c:/progra~2/gnuarm~1/102021~1.10/bin/../lib/gcc/arm-none-eabi/10.3.1/thumb/v6-m/nofp/crti.o
                0x10000284                _init
 *(EXCLUDE_FILE(*libm.a: *libc.a:*lib_a-mem*.o *libgcc.a:) .text*)
 .text          0x10000288       0x48 c:/progra~2/gnuarm~1/102021~1.10/bin/../lib/gcc/arm-none-eabi/10.3.1/thumb/v6-m/nofp/crtbegin.o
 .text.adc_gpio_init
                0x100002d0       0x1e CMakeFiles/dma_audio.dir/main.cpp.obj
 .text._Z8drawLinePN12pico_ssd13067SSD1306EiiiiNS_9WriteModeE
                0x100002ee       0xac CMakeFiles/dma_audio.dir/main.cpp.obj
                0x100002ee                drawLine(pico_ssd1306::SSD1306*, int, int, int, int, pico_ssd1306::WriteMode)
 .text._Z8drawRectPN12pico_ssd13067SSD1306EiiiiNS_9WriteModeE
                0x1000039a       0x72 CMakeFiles/dma_audio.dir/main.cpp.obj
                0x1000039a                drawRect(pico_ssd1306::SSD1306*, int, int, int, int, pico_ssd1306::WriteMode)
 .text._Z17drawPercentageBarfii
                0x1000040c       0xb8 CMakeFiles/dma_audio.dir/main.cpp.obj
                0x1000040c                drawPercentageBar(float, int, int)
 .text._Z12drawMainMenui
                0x100004c4       0x80 CMakeFiles/dma_audio.dir/main.cpp.obj
                0x100004c4                drawMainMenu(int)
 .text._Z15drawSynthScreenv
                0x10000544      0x28c CMakeFiles/dma_audio.dir/main.cpp.obj
                0x10000544                drawSynthScreen()
 .text._Z16drawOscilloscopev
                0x100007d0       0x70 CMakeFiles/dma_audio.dir/main.cpp.obj
                0x100007d0                drawOscilloscope()
 .text._Z16chooseSongScreenv
                0x10000840      0x140 CMakeFiles/dma_audio.dir/main.cpp.obj
                0x10000840                chooseSongScreen()
 .text._Z14drawSongScreenv
                0x10000980      0x1b4 CMakeFiles/dma_audio.dir/main.cpp.obj
                0x10000980                drawSongScreen()
 .text._Z12chooseScreenv
                0x10000b34       0xb0 CMakeFiles/dma_audio.dir/main.cpp.obj
                0x10000b34                chooseScreen()
 .text._Z10drawScreenv
                0x10000be4       0x4c CMakeFiles/dma_audio.dir/main.cpp.obj
                0x10000be4                drawScreen()
 .text.main     0x10000c30       0x8c CMakeFiles/dma_audio.dir/main.cpp.obj
                0x10000c30                main
 .text.gpio_set_function
                0x10000cbc       0x34 CMakeFiles/dma_audio.dir/C_/Users/ruair/.pico-sdk/sdk/2.1.0/src/rp2_common/hardware_gpio/gpio.c.obj
                0x10000cbc                gpio_set_function
 .text.gpio_set_pulls
                0x10000cf0       0x38 CMakeFiles/dma_audio.dir/C_/Users/ruair/.pico-sdk/sdk/2.1.0/src/rp2_common/hardware_gpio/gpio.c.obj
                0x10000cf0                gpio_set_pulls
 .text.gpio_set_input_enabled
                0x10000d28       0x28 CMakeFiles/dma_audio.dir/C_/Users/ruair/.pico-sdk/sdk/2.1.0/src/rp2_common/hardware_gpio/gpio.c.obj
                0x10000d28                gpio_set_input_enabled
 .text.rp2040_chip_version
                0x10000d50       0x4c CMakeFiles/dma_audio.dir/C_/Users/ruair/.pico-sdk/sdk/2.1.0/src/rp2040/pico_platform/platform.c.obj
                0x10000d50                rp2040_chip_version
 .text.panic    0x10000d9c       0x30 CMakeFiles/dma_audio.dir/C_/Users/ruair/.pico-sdk/sdk/2.1.0/src/rp2_common/pico_platform_panic/panic.c.obj
                0x10000d9c                panic
 .text.hw_claim_lock
                0x10000dcc       0x18 CMakeFiles/dma_audio.dir/C_/Users/ruair/.pico-sdk/sdk/2.1.0/src/common/hardware_claim/claim.c.obj
                0x10000dcc                hw_claim_lock
 .text.hw_claim_unlock
                0x10000de4       0x14 CMakeFiles/dma_audio.dir/C_/Users/ruair/.pico-sdk/sdk/2.1.0/src/common/hardware_claim/claim.c.obj
                0x10000de4                hw_claim_unlock
 .text.hw_claim_or_assert
                0x10000df8       0x32 CMakeFiles/dma_audio.dir/C_/Users/ruair/.pico-sdk/sdk/2.1.0/src/common/hardware_claim/claim.c.obj
                0x10000df8                hw_claim_or_assert
 .text.hw_claim_unused_from_range
                0x10000e2a       0x50 CMakeFiles/dma_audio.dir/C_/Users/ruair/.pico-sdk/sdk/2.1.0/src/common/hardware_claim/claim.c.obj
                0x10000e2a                hw_claim_unused_from_range
 *fill*         0x10000e7a        0x2 
 .text.next_striped_spin_lock_num
                0x10000e7c       0x1c CMakeFiles/dma_audio.dir/C_/Users/ruair/.pico-sdk/sdk/2.1.0/src/rp2_common/hardware_sync/sync.c.obj
                0x10000e7c                next_striped_spin_lock_num
 .text.spin_lock_claim_unused
                0x10000e98       0x20 CMakeFiles/dma_audio.dir/C_/Users/ruair/.pico-sdk/sdk/2.1.0/src/rp2_common/hardware_sync/sync.c.obj
                0x10000e98                spin_lock_claim_unused
 .text.spin_locks_reset
                0x10000eb8       0x20 CMakeFiles/dma_audio.dir/C_/Users/ruair/.pico-sdk/sdk/2.1.0/src/rp2_common/hardware_sync_spin_lock/sync_spin_lock.c.obj
                0x10000eb8                spin_locks_reset
 .text.set_raw_irq_handler_and_unlock
                0x10000ed8       0x28 CMakeFiles/dma_audio.dir/C_/Users/ruair/.pico-sdk/sdk/2.1.0/src/rp2_common/hardware_irq/irq.c.obj
 .text.nvic_ipr0
                0x10000f00        0x8 CMakeFiles/dma_audio.dir/C_/Users/ruair/.pico-sdk/sdk/2.1.0/src/rp2_common/hardware_irq/irq.c.obj
 .text.runtime_init_per_core_irq_priorities
                0x10000f08       0x1c CMakeFiles/dma_audio.dir/C_/Users/ruair/.pico-sdk/sdk/2.1.0/src/rp2_common/hardware_irq/irq.c.obj
                0x10000f08                runtime_init_per_core_irq_priorities
 .text.make_j_16
                0x10000f24       0x4c CMakeFiles/dma_audio.dir/C_/Users/ruair/.pico-sdk/sdk/2.1.0/src/rp2_common/hardware_irq/irq.c.obj
 .text.irq_is_enabled
                0x10000f70       0x18 CMakeFiles/dma_audio.dir/C_/Users/ruair/.pico-sdk/sdk/2.1.0/src/rp2_common/hardware_irq/irq.c.obj
                0x10000f70                irq_is_enabled
 .text.irq_set_mask_n_enabled
                0x10000f88       0x1c CMakeFiles/dma_audio.dir/C_/Users/ruair/.pico-sdk/sdk/2.1.0/src/rp2_common/hardware_irq/irq.c.obj
                0x10000f88                irq_set_mask_n_enabled
 .text.irq_set_enabled
                0x10000fa4       0x14 CMakeFiles/dma_audio.dir/C_/Users/ruair/.pico-sdk/sdk/2.1.0/src/rp2_common/hardware_irq/irq.c.obj
                0x10000fa4                irq_set_enabled
 .text.irq_set_pending
                0x10000fb8       0x10 CMakeFiles/dma_audio.dir/C_/Users/ruair/.pico-sdk/sdk/2.1.0/src/rp2_common/hardware_irq/irq.c.obj
                0x10000fb8                irq_set_pending
 .text.irq_get_vtable_handler
                0x10000fc8       0x10 CMakeFiles/dma_audio.dir/C_/Users/ruair/.pico-sdk/sdk/2.1.0/src/rp2_common/hardware_irq/irq.c.obj
                0x10000fc8                irq_get_vtable_handler
 .text.irq_has_shared_handler
                0x10000fd8       0x24 CMakeFiles/dma_audio.dir/C_/Users/ruair/.pico-sdk/sdk/2.1.0/src/rp2_common/hardware_irq/irq.c.obj
                0x10000fd8                irq_has_shared_handler
 .text.irq_set_exclusive_handler
                0x10000ffc       0x54 CMakeFiles/dma_audio.dir/C_/Users/ruair/.pico-sdk/sdk/2.1.0/src/rp2_common/hardware_irq/irq.c.obj
                0x10000ffc                irq_set_exclusive_handler
 .text.irq_add_shared_handler
                0x10001050      0x238 CMakeFiles/dma_audio.dir/C_/Users/ruair/.pico-sdk/sdk/2.1.0/src/rp2_common/hardware_irq/irq.c.obj
                0x10001050                irq_add_shared_handler
 .text.irq_add_tail_to_free_list
                0x10001288       0xf4 CMakeFiles/dma_audio.dir/C_/Users/ruair/.pico-sdk/sdk/2.1.0/src/rp2_common/hardware_irq/irq.c.obj
                0x10001288                irq_add_tail_to_free_list
 .text.user_irq_claim_unused
                0x1000137c       0x28 CMakeFiles/dma_audio.dir/C_/Users/ruair/.pico-sdk/sdk/2.1.0/src/rp2_common/hardware_irq/irq.c.obj
                0x1000137c                user_irq_claim_unused
 .text.lock_init
                0x100013a4       0x10 CMakeFiles/dma_audio.dir/C_/Users/ruair/.pico-sdk/sdk/2.1.0/src/common/pico_sync/lock_core.c.obj
                0x100013a4                lock_init
 .text.mutex_init
                0x100013b4       0x1a CMakeFiles/dma_audio.dir/C_/Users/ruair/.pico-sdk/sdk/2.1.0/src/common/pico_sync/mutex.c.obj
                0x100013b4                mutex_init
 .text.recursive_mutex_init
                0x100013ce       0x1e CMakeFiles/dma_audio.dir/C_/Users/ruair/.pico-sdk/sdk/2.1.0/src/common/pico_sync/mutex.c.obj
                0x100013ce                recursive_mutex_init
 .text.runtime_init_mutex
                0x100013ec       0x4c CMakeFiles/dma_audio.dir/C_/Users/ruair/.pico-sdk/sdk/2.1.0/src/common/pico_sync/mutex.c.obj
                0x100013ec                runtime_init_mutex
 .text.critical_section_init_with_lock_num
                0x10001438       0x14 CMakeFiles/dma_audio.dir/C_/Users/ruair/.pico-sdk/sdk/2.1.0/src/common/pico_sync/critical_section.c.obj
                0x10001438                critical_section_init_with_lock_num
 .text.critical_section_init
                0x1000144c       0x14 CMakeFiles/dma_audio.dir/C_/Users/ruair/.pico-sdk/sdk/2.1.0/src/common/pico_sync/critical_section.c.obj
                0x1000144c                critical_section_init
 .text.make_alarm_id
                0x10001460        0x6 CMakeFiles/dma_audio.dir/C_/Users/ruair/.pico-sdk/sdk/2.1.0/src/common/pico_time/time.c.obj
 *fill*         0x10001466        0x2 
 .text.sleep_until_callback
                0x10001468       0x30 CMakeFiles/dma_audio.dir/C_/Users/ruair/.pico-sdk/sdk/2.1.0/src/common/pico_time/time.c.obj
 .text.alarm_pool_irq_handler
                0x10001498      0x2f0 CMakeFiles/dma_audio.dir/C_/Users/ruair/.pico-sdk/sdk/2.1.0/src/common/pico_time/time.c.obj
 .text.alarm_pool_post_alloc_init
                0x10001788       0x94 CMakeFiles/dma_audio.dir/C_/Users/ruair/.pico-sdk/sdk/2.1.0/src/common/pico_time/time.c.obj
 .text.alarm_pool_get_default
                0x1000181c       0x2c CMakeFiles/dma_audio.dir/C_/Users/ruair/.pico-sdk/sdk/2.1.0/src/common/pico_time/time.c.obj
                0x1000181c                alarm_pool_get_default
 .text.alarm_pool_add_alarm_at_force_in_context
                0x10001848       0xb0 CMakeFiles/dma_audio.dir/C_/Users/ruair/.pico-sdk/sdk/2.1.0/src/common/pico_time/time.c.obj
                0x10001848                alarm_pool_add_alarm_at_force_in_context
 .text.alarm_pool_add_alarm_at
                0x100018f8       0x3c CMakeFiles/dma_audio.dir/C_/Users/ruair/.pico-sdk/sdk/2.1.0/src/common/pico_time/time.c.obj
                0x100018f8                alarm_pool_add_alarm_at
 .text.alarm_pool_cancel_alarm
                0x10001934       0x78 CMakeFiles/dma_audio.dir/C_/Users/ruair/.pico-sdk/sdk/2.1.0/src/common/pico_time/time.c.obj
                0x10001934                alarm_pool_cancel_alarm
 .text.alarm_pool_core_num
                0x100019ac        0x4 CMakeFiles/dma_audio.dir/C_/Users/ruair/.pico-sdk/sdk/2.1.0/src/common/pico_time/time.c.obj
                0x100019ac                alarm_pool_core_num
 .text.sleep_until
                0x100019b0       0xc8 CMakeFiles/dma_audio.dir/C_/Users/ruair/.pico-sdk/sdk/2.1.0/src/common/pico_time/time.c.obj
                0x100019b0                sleep_until
 .text.sleep_us
                0x10001a78       0x24 CMakeFiles/dma_audio.dir/C_/Users/ruair/.pico-sdk/sdk/2.1.0/src/common/pico_time/time.c.obj
                0x10001a78                sleep_us
 .text.sleep_ms
                0x10001a9c       0x14 CMakeFiles/dma_audio.dir/C_/Users/ruair/.pico-sdk/sdk/2.1.0/src/common/pico_time/time.c.obj
                0x10001a9c                sleep_ms
 .text.best_effort_wfe_or_timeout
                0x10001ab0      0x114 CMakeFiles/dma_audio.dir/C_/Users/ruair/.pico-sdk/sdk/2.1.0/src/common/pico_time/time.c.obj
                0x10001ab0                best_effort_wfe_or_timeout
 .text.alarm_pool_get_default_timer
                0x10001bc4        0x8 CMakeFiles/dma_audio.dir/C_/Users/ruair/.pico-sdk/sdk/2.1.0/src/common/pico_time/time.c.obj
                0x10001bc4                alarm_pool_get_default_timer
 .text.runtime_init_default_alarm_pool
                0x10001bcc       0x38 CMakeFiles/dma_audio.dir/C_/Users/ruair/.pico-sdk/sdk/2.1.0/src/common/pico_time/time.c.obj
                0x10001bcc                runtime_init_default_alarm_pool
 .text.timer_hardware_alarm_claim
                0x10001c04       0x14 CMakeFiles/dma_audio.dir/C_/Users/ruair/.pico-sdk/sdk/2.1.0/src/rp2_common/hardware_timer/timer.c.obj
                0x10001c04                timer_hardware_alarm_claim
 .text.timer_time_us_64
                0x10001c18       0x10 CMakeFiles/dma_audio.dir/C_/Users/ruair/.pico-sdk/sdk/2.1.0/src/rp2_common/hardware_timer/timer.c.obj
                0x10001c18                timer_time_us_64
 .text.timer_busy_wait_until
                0x10001c28       0x1a CMakeFiles/dma_audio.dir/C_/Users/ruair/.pico-sdk/sdk/2.1.0/src/rp2_common/hardware_timer/timer.c.obj
                0x10001c28                timer_busy_wait_until
 *fill*         0x10001c42        0x2 
 .text.time_us_64
                0x10001c44       0x10 CMakeFiles/dma_audio.dir/C_/Users/ruair/.pico-sdk/sdk/2.1.0/src/rp2_common/hardware_timer/timer.c.obj
                0x10001c44                time_us_64
 .text.busy_wait_until
                0x10001c54       0x14 CMakeFiles/dma_audio.dir/C_/Users/ruair/.pico-sdk/sdk/2.1.0/src/rp2_common/hardware_timer/timer.c.obj
                0x10001c54                busy_wait_until
 .text.clock_configure_internal
                0x10001c68       0xc4 CMakeFiles/dma_audio.dir/C_/Users/ruair/.pico-sdk/sdk/2.1.0/src/rp2_common/hardware_clocks/clocks.c.obj
 .text.clock_configure_int_divider
                0x10001d2c       0x28 CMakeFiles/dma_audio.dir/C_/Users/ruair/.pico-sdk/sdk/2.1.0/src/rp2_common/hardware_clocks/clocks.c.obj
                0x10001d2c                clock_configure_int_divider
 .text.clock_configure_undivided
                0x10001d54       0x12 CMakeFiles/dma_audio.dir/C_/Users/ruair/.pico-sdk/sdk/2.1.0/src/rp2_common/hardware_clocks/clocks.c.obj
                0x10001d54                clock_configure_undivided
 *fill*         0x10001d66        0x2 
 .text.clock_get_hz
                0x10001d68        0xc CMakeFiles/dma_audio.dir/C_/Users/ruair/.pico-sdk/sdk/2.1.0/src/rp2_common/hardware_clocks/clocks.c.obj
                0x10001d68                clock_get_hz
 .text.pll_init
                0x10001d74      0x120 CMakeFiles/dma_audio.dir/C_/Users/ruair/.pico-sdk/sdk/2.1.0/src/rp2_common/hardware_pll/pll.c.obj
                0x10001d74                pll_init
 .text.watchdog_update
                0x10001e94       0x14 CMakeFiles/dma_audio.dir/C_/Users/ruair/.pico-sdk/sdk/2.1.0/src/rp2_common/hardware_watchdog/watchdog.c.obj
                0x10001e94                watchdog_update
 .text._watchdog_enable
                0x10001ea8       0x7c CMakeFiles/dma_audio.dir/C_/Users/ruair/.pico-sdk/sdk/2.1.0/src/rp2_common/hardware_watchdog/watchdog.c.obj
                0x10001ea8                _watchdog_enable
 .text.watchdog_reboot
                0x10001f24       0x48 CMakeFiles/dma_audio.dir/C_/Users/ruair/.pico-sdk/sdk/2.1.0/src/rp2_common/hardware_watchdog/watchdog.c.obj
                0x10001f24                watchdog_reboot
 .text.tick_start
                0x10001f6c       0x10 CMakeFiles/dma_audio.dir/C_/Users/ruair/.pico-sdk/sdk/2.1.0/src/rp2_common/hardware_ticks/ticks.c.obj
                0x10001f6c                tick_start
 .text.rom_func_lookup
                0x10001f7c       0x10 CMakeFiles/dma_audio.dir/C_/Users/ruair/.pico-sdk/sdk/2.1.0/src/rp2_common/pico_bootrom/bootrom.c.obj
                0x10001f7c                rom_func_lookup
 .text.rom_data_lookup
                0x10001f8c       0x10 CMakeFiles/dma_audio.dir/C_/Users/ruair/.pico-sdk/sdk/2.1.0/src/rp2_common/pico_bootrom/bootrom.c.obj
                0x10001f8c                rom_data_lookup
 .text.rom_funcs_lookup
                0x10001f9c       0x36 CMakeFiles/dma_audio.dir/C_/Users/ruair/.pico-sdk/sdk/2.1.0/src/rp2_common/pico_bootrom/bootrom.c.obj
                0x10001f9c                rom_funcs_lookup
 *fill*         0x10001fd2        0x2 
 .text.rom_reset_usb_boot_extra
                0x10001fd4       0x24 CMakeFiles/dma_audio.dir/C_/Users/ruair/.pico-sdk/sdk/2.1.0/src/rp2_common/pico_bootrom/bootrom.c.obj
                0x10001fd4                rom_reset_usb_boot_extra
 .text.xosc_init
                0x10001ff8       0x28 CMakeFiles/dma_audio.dir/C_/Users/ruair/.pico-sdk/sdk/2.1.0/src/rp2_common/hardware_xosc/xosc.c.obj
                0x10001ff8                xosc_init
 .text.runtime_run_initializers_from
                0x10002020       0x18 CMakeFiles/dma_audio.dir/C_/Users/ruair/.pico-sdk/sdk/2.1.0/src/rp2_common/pico_runtime/runtime.c.obj
 .text.first_per_core_initializer
                0x10002038        0x2 CMakeFiles/dma_audio.dir/C_/Users/ruair/.pico-sdk/sdk/2.1.0/src/rp2_common/pico_runtime/runtime.c.obj
 *fill*         0x1000203a        0x2 
 .text.runtime_run_initializers
                0x1000203c       0x10 CMakeFiles/dma_audio.dir/C_/Users/ruair/.pico-sdk/sdk/2.1.0/src/rp2_common/pico_runtime/runtime.c.obj
                0x1000203c                runtime_run_initializers
 .text.runtime_init_early_resets
                0x1000204c       0x2c CMakeFiles/dma_audio.dir/C_/Users/ruair/.pico-sdk/sdk/2.1.0/src/rp2_common/pico_runtime_init/runtime_init.c.obj
                0x1000204c                runtime_init_early_resets
 .text.runtime_init_usb_power_down
                0x10002078       0x1c CMakeFiles/dma_audio.dir/C_/Users/ruair/.pico-sdk/sdk/2.1.0/src/rp2_common/pico_runtime_init/runtime_init.c.obj
                0x10002078                runtime_init_usb_power_down
 .text.runtime_init_post_clock_resets
                0x10002094       0x20 CMakeFiles/dma_audio.dir/C_/Users/ruair/.pico-sdk/sdk/2.1.0/src/rp2_common/pico_runtime_init/runtime_init.c.obj
                0x10002094                runtime_init_post_clock_resets
 .text.runtime_init_rp2040_gpio_ie_disable
                0x100020b4       0x14 CMakeFiles/dma_audio.dir/C_/Users/ruair/.pico-sdk/sdk/2.1.0/src/rp2_common/pico_runtime_init/runtime_init.c.obj
                0x100020b4                runtime_init_rp2040_gpio_ie_disable
 .text.runtime_init_spin_locks_reset
                0x100020c8        0x8 CMakeFiles/dma_audio.dir/C_/Users/ruair/.pico-sdk/sdk/2.1.0/src/rp2_common/pico_runtime_init/runtime_init.c.obj
                0x100020c8                runtime_init_spin_locks_reset
 .text.runtime_init_install_ram_vector_table
                0x100020d0       0x1c CMakeFiles/dma_audio.dir/C_/Users/ruair/.pico-sdk/sdk/2.1.0/src/rp2_common/pico_runtime_init/runtime_init.c.obj
                0x100020d0                runtime_init_install_ram_vector_table
 .text.start_all_ticks
                0x100020ec       0x28 CMakeFiles/dma_audio.dir/C_/Users/ruair/.pico-sdk/sdk/2.1.0/src/rp2_common/pico_runtime_init/runtime_init_clocks.c.obj
 .text.runtime_init_clocks
                0x10002114       0xcc CMakeFiles/dma_audio.dir/C_/Users/ruair/.pico-sdk/sdk/2.1.0/src/rp2_common/pico_runtime_init/runtime_init_clocks.c.obj
                0x10002114                runtime_init_clocks
 .text          0x100021e0       0x10 CMakeFiles/dma_audio.dir/C_/Users/ruair/.pico-sdk/sdk/2.1.0/src/rp2_common/pico_bit_ops/bit_ops_aeabi.S.obj
 .text.__wrap___aeabi_idiv
                0x100021f0       0x50 CMakeFiles/dma_audio.dir/C_/Users/ruair/.pico-sdk/sdk/2.1.0/src/rp2_common/pico_divider/divider_hardware.S.obj
                0x100021f0                __wrap___aeabi_idivmod
                0x100021f0                divmod_s32s32
                0x100021f0                div_s32s32
                0x100021f0                __wrap___aeabi_idiv
                0x100021f8                divmod_s32s32_unsafe
                0x10002224                divmod_s32s32_savestate
 .text.__wrap___aeabi_uidiv
                0x10002240       0x4c CMakeFiles/dma_audio.dir/C_/Users/ruair/.pico-sdk/sdk/2.1.0/src/rp2_common/pico_divider/divider_hardware.S.obj
                0x10002240                __wrap___aeabi_uidiv
                0x10002240                __wrap___aeabi_uidivmod
                0x10002240                div_u32u32
                0x10002240                divmod_u32u32
                0x10002248                divmod_u32u32_unsafe
                0x10002270                divmod_u32u32_savestate
 .text.__wrap___aeabi_ldiv
                0x1000228c      0x424 CMakeFiles/dma_audio.dir/C_/Users/ruair/.pico-sdk/sdk/2.1.0/src/rp2_common/pico_divider/divider_hardware.S.obj
                0x1000228c                div_s64s64
                0x1000228c                divmod_s64s64
                0x1000228c                __wrap___aeabi_ldivmod
                0x100022bc                divmod_u64u64
                0x100022bc                div_u64u64
                0x100022bc                __wrap___aeabi_uldivmod
                0x100022cc                divmod_u64u64_savestate
                0x100022ec                divmod_s64s64_unsafe
                0x10002374                divmod_u64u64_unsafe
 .text.__wrap___aeabi_darithmetic
                0x100026b0       0x80 CMakeFiles/dma_audio.dir/C_/Users/ruair/.pico-sdk/sdk/2.1.0/src/rp2_common/pico_double/double_aeabi_rp2040.S.obj
                0x100026b0                __wrap___aeabi_drsub
                0x100026b6                __wrap___aeabi_dsub
                0x100026c8                __wrap___aeabi_dadd
                0x100026da                __wrap___aeabi_ddiv
                0x10002716                __wrap___aeabi_dmul
 .text.__wrap___aeabi_cdcmple
                0x10002730       0x6c CMakeFiles/dma_audio.dir/C_/Users/ruair/.pico-sdk/sdk/2.1.0/src/rp2_common/pico_double/double_aeabi_rp2040.S.obj
                0x10002730                __wrap___aeabi_cdrcmple
                0x10002740                __wrap___aeabi_cdcmpeq
                0x10002740                __wrap___aeabi_cdcmple
 .text.__wrap___aeabi_dcmplt
                0x1000279c        0xc CMakeFiles/dma_audio.dir/C_/Users/ruair/.pico-sdk/sdk/2.1.0/src/rp2_common/pico_double/double_aeabi_rp2040.S.obj
                0x1000279c                __wrap___aeabi_dcmplt
 .text.__wrap___aeabi_dcmple
                0x100027a8       0x10 CMakeFiles/dma_audio.dir/C_/Users/ruair/.pico-sdk/sdk/2.1.0/src/rp2_common/pico_double/double_aeabi_rp2040.S.obj
                0x100027a8                __wrap___aeabi_dcmple
 .text.__wrap___aeabi_dcmpge
                0x100027b8       0x10 CMakeFiles/dma_audio.dir/C_/Users/ruair/.pico-sdk/sdk/2.1.0/src/rp2_common/pico_double/double_aeabi_rp2040.S.obj
                0x100027b8                __wrap___aeabi_dcmpge
 .text.__wrap___aeabi_dcmpgt
                0x100027c8        0xa CMakeFiles/dma_audio.dir/C_/Users/ruair/.pico-sdk/sdk/2.1.0/src/rp2_common/pico_double/double_aeabi_rp2040.S.obj
                0x100027c8                __wrap___aeabi_dcmpgt
 .text.__wrap___aeabi_dcmpun
                0x100027d2       0x18 CMakeFiles/dma_audio.dir/C_/Users/ruair/.pico-sdk/sdk/2.1.0/src/rp2_common/pico_double/double_aeabi_rp2040.S.obj
                0x100027d2                __wrap___aeabi_dcmpun
 *fill*         0x100027ea        0x2 
 .text.__wrap___aeabi_i2d
                0x100027ec       0x38 CMakeFiles/dma_audio.dir/C_/Users/ruair/.pico-sdk/sdk/2.1.0/src/rp2_common/pico_double/double_aeabi_rp2040.S.obj
                0x100027ec                __wrap___aeabi_ui2d
                0x100027f4                __wrap___aeabi_i2d
 .text.__wrap___aeabi_d2iz
                0x10002824       0x48 CMakeFiles/dma_audio.dir/C_/Users/ruair/.pico-sdk/sdk/2.1.0/src/rp2_common/pico_double/double_aeabi_rp2040.S.obj
                0x10002824                double2int_z
                0x10002824                __wrap___aeabi_d2iz
 .text.__wrap___aeabi_d2uiz
                0x1000286c       0x18 CMakeFiles/dma_audio.dir/C_/Users/ruair/.pico-sdk/sdk/2.1.0/src/rp2_common/pico_double/double_aeabi_rp2040.S.obj
                0x1000286c                __wrap___aeabi_d2uiz
                0x1000286c                double2uint
 .text.__aeabi_double_init
                0x10002884       0xc8 CMakeFiles/dma_audio.dir/C_/Users/ruair/.pico-sdk/sdk/2.1.0/src/rp2_common/pico_double/double_init_rom_rp2040.c.obj
                0x10002884                __aeabi_double_init
 .text.double_table_shim_on_use_helper
                0x1000294c       0x34 CMakeFiles/dma_audio.dir/C_/Users/ruair/.pico-sdk/sdk/2.1.0/src/rp2_common/pico_double/double_v1_rom_shim_rp2040.S.obj
                0x1000294c                double_table_shim_on_use_helper
 .text.__wrap___aeabi_dsub
                0x10002980       0x10 CMakeFiles/dma_audio.dir/C_/Users/ruair/.pico-sdk/sdk/2.1.0/src/rp2_common/pico_double/double_v1_rom_shim_rp2040.S.obj
                0x10002980                drsub_shim
                0x10002986                dsub_shim
 .text.dadd_shim
                0x10002990      0x15c CMakeFiles/dma_audio.dir/C_/Users/ruair/.pico-sdk/sdk/2.1.0/src/rp2_common/pico_double/double_v1_rom_shim_rp2040.S.obj
                0x10002990                dadd_shim
 .text.dmul_shim
                0x10002aec      0x15c CMakeFiles/dma_audio.dir/C_/Users/ruair/.pico-sdk/sdk/2.1.0/src/rp2_common/pico_double/double_v1_rom_shim_rp2040.S.obj
                0x10002aec                dmul_shim
 .text.ddiv_shim
                0x10002c48      0x1b0 CMakeFiles/dma_audio.dir/C_/Users/ruair/.pico-sdk/sdk/2.1.0/src/rp2_common/pico_double/double_v1_rom_shim_rp2040.S.obj
                0x10002c48                ddiv_shim
 .text.double2uint_shim
                0x10002df8        0xe CMakeFiles/dma_audio.dir/C_/Users/ruair/.pico-sdk/sdk/2.1.0/src/rp2_common/pico_double/double_v1_rom_shim_rp2040.S.obj
                0x10002df8                double2uint_shim
                0x10002dfa                double2ufix_shim
 *fill*         0x10002e06        0x2 
 .text.double2uint64_shim
                0x10002e08       0x70 CMakeFiles/dma_audio.dir/C_/Users/ruair/.pico-sdk/sdk/2.1.0/src/rp2_common/pico_double/double_v1_rom_shim_rp2040.S.obj
                0x10002e08                double2uint64_shim
                0x10002e0a                double2ufix64_shim
                0x10002e2a                d2fix_a
 .text.dunpacks
                0x10002e78       0x3c CMakeFiles/dma_audio.dir/C_/Users/ruair/.pico-sdk/sdk/2.1.0/src/rp2_common/pico_double/double_v1_rom_shim_rp2040.S.obj
                0x10002e78                dunpacks
 .text.__aeabi_lmul
                0x10002eb4       0x32 CMakeFiles/dma_audio.dir/C_/Users/ruair/.pico-sdk/sdk/2.1.0/src/rp2_common/pico_int64_ops/pico_int64_ops_aeabi.S.obj
                0x10002eb4                __wrap___aeabi_lmul
 *fill*         0x10002ee6        0x2 
 .text.__wrap___aeabi_farithmetic
                0x10002ee8       0x58 CMakeFiles/dma_audio.dir/C_/Users/ruair/.pico-sdk/sdk/2.1.0/src/rp2_common/pico_float/float_aeabi_rp2040.S.obj
                0x10002ee8                __wrap___aeabi_frsub
                0x10002eee                __wrap___aeabi_fsub
                0x10002ef8                __wrap___aeabi_fadd
                0x10002f02                __wrap___aeabi_fdiv
                0x10002f2e                __wrap___aeabi_fmul
 .text.__wrap___aeabi_f2iz
                0x10002f40       0x4e CMakeFiles/dma_audio.dir/C_/Users/ruair/.pico-sdk/sdk/2.1.0/src/rp2_common/pico_float/float_aeabi_rp2040.S.obj
                0x10002f40                float2int_z
                0x10002f40                __wrap___aeabi_f2iz
 *fill*         0x10002f8e        0x2 
 .text.float2int
                0x10002f90       0x14 CMakeFiles/dma_audio.dir/C_/Users/ruair/.pico-sdk/sdk/2.1.0/src/rp2_common/pico_float/float_aeabi_rp2040.S.obj
                0x10002f90                float2int
 .text.__wrap___aeabi_f2uiz
                0x10002fa4       0x10 CMakeFiles/dma_audio.dir/C_/Users/ruair/.pico-sdk/sdk/2.1.0/src/rp2_common/pico_float/float_aeabi_rp2040.S.obj
                0x10002fa4                __wrap___aeabi_f2uiz
                0x10002fa4                float2uint_z
 .text.__aeabi_float_init
                0x10002fb4       0xfc CMakeFiles/dma_audio.dir/C_/Users/ruair/.pico-sdk/sdk/2.1.0/src/rp2_common/pico_float/float_init_rom_rp2040.c.obj
                0x10002fb4                __aeabi_float_init
 .text.float_table_shim_on_use_helper
                0x100030b0       0x34 CMakeFiles/dma_audio.dir/C_/Users/ruair/.pico-sdk/sdk/2.1.0/src/rp2_common/pico_float/float_v1_rom_shim_rp2040.S.obj
                0x100030b0                float_table_shim_on_use_helper
 .text.float232_shims
                0x100030e4       0x18 CMakeFiles/dma_audio.dir/C_/Users/ruair/.pico-sdk/sdk/2.1.0/src/rp2_common/pico_float/float_v1_rom_shim_rp2040.S.obj
                0x100030e4                float2int_shim
                0x100030e6                float2fix_shim
 .text.__wrap_malloc
                0x100030fc       0x24 CMakeFiles/dma_audio.dir/C_/Users/ruair/.pico-sdk/sdk/2.1.0/src/rp2_common/pico_malloc/malloc.c.obj
                0x100030fc                __wrap_malloc
 .text          0x10003120       0x10 CMakeFiles/dma_audio.dir/C_/Users/ruair/.pico-sdk/sdk/2.1.0/src/rp2_common/pico_mem_ops/mem_ops_aeabi.S.obj
                0x10003120                __aeabi_mem_init
 .text.memset   0x10003130        0xc CMakeFiles/dma_audio.dir/C_/Users/ruair/.pico-sdk/sdk/2.1.0/src/rp2_common/pico_mem_ops/mem_ops_aeabi.S.obj
                0x10003130                __wrap_memset
 .text.memcpy   0x1000313c        0xc CMakeFiles/dma_audio.dir/C_/Users/ruair/.pico-sdk/sdk/2.1.0/src/rp2_common/pico_mem_ops/mem_ops_aeabi.S.obj
                0x1000313c                __wrap_memcpy
                0x1000313c                __wrap___aeabi_memcpy
 .text._Znwj    0x10003148        0x8 CMakeFiles/dma_audio.dir/C_/Users/ruair/.pico-sdk/sdk/2.1.0/src/rp2_common/pico_cxx_options/new_delete.cpp.obj
                0x10003148                operator new(unsigned int)
 .text._Znaj    0x10003150        0x8 CMakeFiles/dma_audio.dir/C_/Users/ruair/.pico-sdk/sdk/2.1.0/src/rp2_common/pico_cxx_options/new_delete.cpp.obj
                0x10003150                operator new[](unsigned int)
 .text._out_buffer
                0x10003158        0x8 CMakeFiles/dma_audio.dir/C_/Users/ruair/.pico-sdk/sdk/2.1.0/src/rp2_common/pico_printf/printf.c.obj
 .text._out_null
                0x10003160        0x2 CMakeFiles/dma_audio.dir/C_/Users/ruair/.pico-sdk/sdk/2.1.0/src/rp2_common/pico_printf/printf.c.obj
 .text._out_fct
                0x10003162        0xe CMakeFiles/dma_audio.dir/C_/Users/ruair/.pico-sdk/sdk/2.1.0/src/rp2_common/pico_printf/printf.c.obj
 .text._atoi    0x10003170       0x24 CMakeFiles/dma_audio.dir/C_/Users/ruair/.pico-sdk/sdk/2.1.0/src/rp2_common/pico_printf/printf.c.obj
 .text._out_rev
                0x10003194       0xae CMakeFiles/dma_audio.dir/C_/Users/ruair/.pico-sdk/sdk/2.1.0/src/rp2_common/pico_printf/printf.c.obj
 .text._ntoa_format
                0x10003242      0x112 CMakeFiles/dma_audio.dir/C_/Users/ruair/.pico-sdk/sdk/2.1.0/src/rp2_common/pico_printf/printf.c.obj
 .text._ntoa_long
                0x10003354       0xbc CMakeFiles/dma_audio.dir/C_/Users/ruair/.pico-sdk/sdk/2.1.0/src/rp2_common/pico_printf/printf.c.obj
 .text._ntoa_long_long
                0x10003410       0xe2 CMakeFiles/dma_audio.dir/C_/Users/ruair/.pico-sdk/sdk/2.1.0/src/rp2_common/pico_printf/printf.c.obj
 *fill*         0x100034f2        0x2 
 .text._etoa    0x100034f4      0x414 CMakeFiles/dma_audio.dir/C_/Users/ruair/.pico-sdk/sdk/2.1.0/src/rp2_common/pico_printf/printf.c.obj
 .text._ftoa    0x10003908      0x354 CMakeFiles/dma_audio.dir/C_/Users/ruair/.pico-sdk/sdk/2.1.0/src/rp2_common/pico_printf/printf.c.obj
 .text._vsnprintf
                0x10003c5c      0x624 CMakeFiles/dma_audio.dir/C_/Users/ruair/.pico-sdk/sdk/2.1.0/src/rp2_common/pico_printf/printf.c.obj
 .text.__wrap_sprintf
                0x10004280       0x28 CMakeFiles/dma_audio.dir/C_/Users/ruair/.pico-sdk/sdk/2.1.0/src/rp2_common/pico_printf/printf.c.obj
                0x10004280                __wrap_sprintf
 .text.vfctprintf
                0x100042a8       0x20 CMakeFiles/dma_audio.dir/C_/Users/ruair/.pico-sdk/sdk/2.1.0/src/rp2_common/pico_printf/printf.c.obj
                0x100042a8                vfctprintf
 .text._exit    0x100042c8        0x4 CMakeFiles/dma_audio.dir/C_/Users/ruair/.pico-sdk/sdk/2.1.0/src/rp2_common/pico_clib_interface/newlib_interface.c.obj
                0x100042c8                _exit
 .text._sbrk    0x100042cc       0x38 CMakeFiles/dma_audio.dir/C_/Users/ruair/.pico-sdk/sdk/2.1.0/src/rp2_common/pico_clib_interface/newlib_interface.c.obj
                0x100042cc                _sbrk
 .text.exit     0x10004304        0x6 CMakeFiles/dma_audio.dir/C_/Users/ruair/.pico-sdk/sdk/2.1.0/src/rp2_common/pico_clib_interface/newlib_interface.c.obj
                0x10004304                exit
 *fill*         0x1000430a        0x2 
 .text.__assert_func
                0x1000430c       0x3c CMakeFiles/dma_audio.dir/C_/Users/ruair/.pico-sdk/sdk/2.1.0/src/rp2_common/pico_clib_interface/newlib_interface.c.obj
                0x1000430c                __assert_func
 .text.runtime_init
                0x10004348       0x28 CMakeFiles/dma_audio.dir/C_/Users/ruair/.pico-sdk/sdk/2.1.0/src/rp2_common/pico_clib_interface/newlib_interface.c.obj
                0x10004348                runtime_init
 .text.stdio_out_chars_no_crlf
                0x10004370        0xe CMakeFiles/dma_audio.dir/C_/Users/ruair/.pico-sdk/sdk/2.1.0/src/rp2_common/pico_stdio/stdio.c.obj
 *fill*         0x1000437e        0x2 
 .text.stdio_out_chars_crlf
                0x10004380       0x80 CMakeFiles/dma_audio.dir/C_/Users/ruair/.pico-sdk/sdk/2.1.0/src/rp2_common/pico_stdio/stdio.c.obj
 .text.stdio_stack_buffer_flush
                0x10004400       0x44 CMakeFiles/dma_audio.dir/C_/Users/ruair/.pico-sdk/sdk/2.1.0/src/rp2_common/pico_stdio/stdio.c.obj
 .text.stdio_buffered_printer
                0x10004444       0x20 CMakeFiles/dma_audio.dir/C_/Users/ruair/.pico-sdk/sdk/2.1.0/src/rp2_common/pico_stdio/stdio.c.obj
 .text.stdout_serialize_begin
                0x10004464       0x30 CMakeFiles/dma_audio.dir/C_/Users/ruair/.pico-sdk/sdk/2.1.0/src/rp2_common/pico_stdio/stdio.c.obj
                0x10004464                stdout_serialize_begin
 .text.stdout_serialize_end
                0x10004494       0x10 CMakeFiles/dma_audio.dir/C_/Users/ruair/.pico-sdk/sdk/2.1.0/src/rp2_common/pico_stdio/stdio.c.obj
                0x10004494                stdout_serialize_end
 .text.stdio_put_string
                0x100044a4       0x94 CMakeFiles/dma_audio.dir/C_/Users/ruair/.pico-sdk/sdk/2.1.0/src/rp2_common/pico_stdio/stdio.c.obj
                0x100044a4                stdio_put_string
 .text.stdio_set_driver_enabled
                0x10004538       0x2c CMakeFiles/dma_audio.dir/C_/Users/ruair/.pico-sdk/sdk/2.1.0/src/rp2_common/pico_stdio/stdio.c.obj
                0x10004538                stdio_set_driver_enabled
 .text.stdio_flush
                0x10004564       0x20 CMakeFiles/dma_audio.dir/C_/Users/ruair/.pico-sdk/sdk/2.1.0/src/rp2_common/pico_stdio/stdio.c.obj
                0x10004564                stdio_flush
 .text.stdio_init_all
                0x10004584        0x8 CMakeFiles/dma_audio.dir/C_/Users/ruair/.pico-sdk/sdk/2.1.0/src/rp2_common/pico_stdio/stdio.c.obj
                0x10004584                stdio_init_all
 .text.__wrap_puts
                0x1000458c       0x1e CMakeFiles/dma_audio.dir/C_/Users/ruair/.pico-sdk/sdk/2.1.0/src/rp2_common/pico_stdio/stdio.c.obj
                0x1000458c                stdio_puts
                0x1000458c                __wrap_puts
 *fill*         0x100045aa        0x2 
 .text.__wrap_vprintf
                0x100045ac       0x40 CMakeFiles/dma_audio.dir/C_/Users/ruair/.pico-sdk/sdk/2.1.0/src/rp2_common/pico_stdio/stdio.c.obj
                0x100045ac                stdio_vprintf
                0x100045ac                __wrap_vprintf
 .text.__wrap_printf
                0x100045ec       0x18 CMakeFiles/dma_audio.dir/C_/Users/ruair/.pico-sdk/sdk/2.1.0/src/rp2_common/pico_stdio/stdio.c.obj
                0x100045ec                __wrap_printf
                0x100045ec                stdio_printf
 .text.resetd_init
                0x10004604        0x2 CMakeFiles/dma_audio.dir/C_/Users/ruair/.pico-sdk/sdk/2.1.0/src/rp2_common/pico_stdio_usb/reset_interface.c.obj
 *fill*         0x10004606        0x2 
 .text.resetd_reset
                0x10004608        0xc CMakeFiles/dma_audio.dir/C_/Users/ruair/.pico-sdk/sdk/2.1.0/src/rp2_common/pico_stdio_usb/reset_interface.c.obj
 .text.resetd_open
                0x10004614       0x34 CMakeFiles/dma_audio.dir/C_/Users/ruair/.pico-sdk/sdk/2.1.0/src/rp2_common/pico_stdio_usb/reset_interface.c.obj
 .text.resetd_xfer_cb
                0x10004648        0x4 CMakeFiles/dma_audio.dir/C_/Users/ruair/.pico-sdk/sdk/2.1.0/src/rp2_common/pico_stdio_usb/reset_interface.c.obj
 .text.resetd_control_xfer_cb
                0x1000464c       0x60 CMakeFiles/dma_audio.dir/C_/Users/ruair/.pico-sdk/sdk/2.1.0/src/rp2_common/pico_stdio_usb/reset_interface.c.obj
 .text.tud_descriptor_bos_cb
                0x100046ac        0x8 CMakeFiles/dma_audio.dir/C_/Users/ruair/.pico-sdk/sdk/2.1.0/src/rp2_common/pico_stdio_usb/reset_interface.c.obj
                0x100046ac                tud_descriptor_bos_cb
 .text.tud_vendor_control_xfer_cb
                0x100046b4       0x38 CMakeFiles/dma_audio.dir/C_/Users/ruair/.pico-sdk/sdk/2.1.0/src/rp2_common/pico_stdio_usb/reset_interface.c.obj
                0x100046b4                tud_vendor_control_xfer_cb
 .text.usbd_app_driver_get_cb
                0x100046ec        0xc CMakeFiles/dma_audio.dir/C_/Users/ruair/.pico-sdk/sdk/2.1.0/src/rp2_common/pico_stdio_usb/reset_interface.c.obj
                0x100046ec                usbd_app_driver_get_cb
 .text.tud_cdc_line_coding_cb
                0x100046f8       0x2c CMakeFiles/dma_audio.dir/C_/Users/ruair/.pico-sdk/sdk/2.1.0/src/rp2_common/pico_stdio_usb/reset_interface.c.obj
                0x100046f8                tud_cdc_line_coding_cb
 .text.stdio_usb_set_chars_available_callback
                0x10004724       0x14 CMakeFiles/dma_audio.dir/C_/Users/ruair/.pico-sdk/sdk/2.1.0/src/rp2_common/pico_stdio_usb/stdio_usb.c.obj
                0x10004724                stdio_usb_set_chars_available_callback
 .text.stdio_usb_out_flush
                0x10004738       0x4c CMakeFiles/dma_audio.dir/C_/Users/ruair/.pico-sdk/sdk/2.1.0/src/rp2_common/pico_stdio_usb/stdio_usb.c.obj
 .text.usb_irq  0x10004784       0x10 CMakeFiles/dma_audio.dir/C_/Users/ruair/.pico-sdk/sdk/2.1.0/src/rp2_common/pico_stdio_usb/stdio_usb.c.obj
 .text.low_priority_worker_irq
                0x10004794       0xd0 CMakeFiles/dma_audio.dir/C_/Users/ruair/.pico-sdk/sdk/2.1.0/src/rp2_common/pico_stdio_usb/stdio_usb.c.obj
 .text.timer_task
                0x10004864       0x6c CMakeFiles/dma_audio.dir/C_/Users/ruair/.pico-sdk/sdk/2.1.0/src/rp2_common/pico_stdio_usb/stdio_usb.c.obj
 .text.stdio_usb_init
                0x100048d0       0xfc CMakeFiles/dma_audio.dir/C_/Users/ruair/.pico-sdk/sdk/2.1.0/src/rp2_common/pico_stdio_usb/stdio_usb.c.obj
                0x100048d0                stdio_usb_init
 .text.stdio_usb_connected
                0x100049cc        0xa CMakeFiles/dma_audio.dir/C_/Users/ruair/.pico-sdk/sdk/2.1.0/src/rp2_common/pico_stdio_usb/stdio_usb.c.obj
                0x100049cc                stdio_usb_connected
 *fill*         0x100049d6        0x2 
 .text.stdio_usb_in_chars
                0x100049d8       0x98 CMakeFiles/dma_audio.dir/C_/Users/ruair/.pico-sdk/sdk/2.1.0/src/rp2_common/pico_stdio_usb/stdio_usb.c.obj
                0x100049d8                stdio_usb_in_chars
 .text.stdio_usb_out_chars
                0x10004a70       0xe8 CMakeFiles/dma_audio.dir/C_/Users/ruair/.pico-sdk/sdk/2.1.0/src/rp2_common/pico_stdio_usb/stdio_usb.c.obj
 .text.tud_descriptor_device_cb
                0x10004b58        0x8 CMakeFiles/dma_audio.dir/C_/Users/ruair/.pico-sdk/sdk/2.1.0/src/rp2_common/pico_stdio_usb/stdio_usb_descriptors.c.obj
                0x10004b58                tud_descriptor_device_cb
 .text.tud_descriptor_configuration_cb
                0x10004b60        0x8 CMakeFiles/dma_audio.dir/C_/Users/ruair/.pico-sdk/sdk/2.1.0/src/rp2_common/pico_stdio_usb/stdio_usb_descriptors.c.obj
                0x10004b60                tud_descriptor_configuration_cb
 .text.tud_descriptor_string_cb
                0x10004b68       0x6c CMakeFiles/dma_audio.dir/C_/Users/ruair/.pico-sdk/sdk/2.1.0/src/rp2_common/pico_stdio_usb/stdio_usb_descriptors.c.obj
                0x10004b68                tud_descriptor_string_cb
 .text._retrieve_unique_id_on_boot
                0x10004bd4       0x10 CMakeFiles/dma_audio.dir/C_/Users/ruair/.pico-sdk/sdk/2.1.0/src/rp2_common/pico_unique_id/unique_id.c.obj
 .text.pico_get_unique_board_id_string
                0x10004be4       0x60 CMakeFiles/dma_audio.dir/C_/Users/ruair/.pico-sdk/sdk/2.1.0/src/rp2_common/pico_unique_id/unique_id.c.obj
                0x10004be4                pico_get_unique_board_id_string
 .text.flash_get_unique_id
                0x10004c44       0x46 CMakeFiles/dma_audio.dir/C_/Users/ruair/.pico-sdk/sdk/2.1.0/src/rp2_common/hardware_flash/flash.c.obj
                0x10004c44                flash_get_unique_id
 *fill*         0x10004c8a        0x2 
 .text._hw_endpoint_alloc
                0x10004c8c       0x70 CMakeFiles/dma_audio.dir/C_/Users/ruair/.pico-sdk/sdk/2.1.0/lib/tinyusb/src/portable/raspberrypi/rp2040/dcd_rp2040.c.obj
 .text.hw_endpoint_init
                0x10004cfc       0xc4 CMakeFiles/dma_audio.dir/C_/Users/ruair/.pico-sdk/sdk/2.1.0/lib/tinyusb/src/portable/raspberrypi/rp2040/dcd_rp2040.c.obj
 .text.hw_endpoint_xfer
                0x10004dc0       0x20 CMakeFiles/dma_audio.dir/C_/Users/ruair/.pico-sdk/sdk/2.1.0/lib/tinyusb/src/portable/raspberrypi/rp2040/dcd_rp2040.c.obj
 .text.dcd_int_enable
                0x10004de0       0x2c CMakeFiles/dma_audio.dir/C_/Users/ruair/.pico-sdk/sdk/2.1.0/lib/tinyusb/src/portable/raspberrypi/rp2040/dcd_rp2040.c.obj
                0x10004de0                dcd_int_enable
 .text.dcd_set_address
                0x10004e0c       0x2c CMakeFiles/dma_audio.dir/C_/Users/ruair/.pico-sdk/sdk/2.1.0/lib/tinyusb/src/portable/raspberrypi/rp2040/dcd_rp2040.c.obj
                0x10004e0c                dcd_set_address
 .text.dcd_connect
                0x10004e38       0x10 CMakeFiles/dma_audio.dir/C_/Users/ruair/.pico-sdk/sdk/2.1.0/lib/tinyusb/src/portable/raspberrypi/rp2040/dcd_rp2040.c.obj
                0x10004e38                dcd_connect
 .text.dcd_init
                0x10004e48       0x80 CMakeFiles/dma_audio.dir/C_/Users/ruair/.pico-sdk/sdk/2.1.0/lib/tinyusb/src/portable/raspberrypi/rp2040/dcd_rp2040.c.obj
                0x10004e48                dcd_init
 .text.dcd_sof_enable
                0x10004ec8       0x1c CMakeFiles/dma_audio.dir/C_/Users/ruair/.pico-sdk/sdk/2.1.0/lib/tinyusb/src/portable/raspberrypi/rp2040/dcd_rp2040.c.obj
                0x10004ec8                dcd_sof_enable
 .text.dcd_edpt0_status_complete
                0x10004ee4       0x1c CMakeFiles/dma_audio.dir/C_/Users/ruair/.pico-sdk/sdk/2.1.0/lib/tinyusb/src/portable/raspberrypi/rp2040/dcd_rp2040.c.obj
                0x10004ee4                dcd_edpt0_status_complete
 .text.dcd_edpt_open
                0x10004f00       0x40 CMakeFiles/dma_audio.dir/C_/Users/ruair/.pico-sdk/sdk/2.1.0/lib/tinyusb/src/portable/raspberrypi/rp2040/dcd_rp2040.c.obj
                0x10004f00                dcd_edpt_open
 .text.dcd_edpt_close_all
                0x10004f40        0x8 CMakeFiles/dma_audio.dir/C_/Users/ruair/.pico-sdk/sdk/2.1.0/lib/tinyusb/src/portable/raspberrypi/rp2040/dcd_rp2040.c.obj
                0x10004f40                dcd_edpt_close_all
 .text.dcd_edpt_xfer
                0x10004f48       0x30 CMakeFiles/dma_audio.dir/C_/Users/ruair/.pico-sdk/sdk/2.1.0/lib/tinyusb/src/portable/raspberrypi/rp2040/dcd_rp2040.c.obj
                0x10004f48                dcd_edpt_xfer
 .text.dcd_edpt_stall
                0x10004f78       0x3c CMakeFiles/dma_audio.dir/C_/Users/ruair/.pico-sdk/sdk/2.1.0/lib/tinyusb/src/portable/raspberrypi/rp2040/dcd_rp2040.c.obj
                0x10004f78                dcd_edpt_stall
 .text.dcd_edpt_clear_stall
                0x10004fb4       0x30 CMakeFiles/dma_audio.dir/C_/Users/ruair/.pico-sdk/sdk/2.1.0/lib/tinyusb/src/portable/raspberrypi/rp2040/dcd_rp2040.c.obj
                0x10004fb4                dcd_edpt_clear_stall
 .text.unaligned_memcpy
                0x10004fe4       0x14 CMakeFiles/dma_audio.dir/C_/Users/ruair/.pico-sdk/sdk/2.1.0/lib/tinyusb/src/portable/raspberrypi/rp2040/rp2040_usb.c.obj
 .text.rp2040_usb_init
                0x10004ff8       0x44 CMakeFiles/dma_audio.dir/C_/Users/ruair/.pico-sdk/sdk/2.1.0/lib/tinyusb/src/portable/raspberrypi/rp2040/rp2040_usb.c.obj
                0x10004ff8                rp2040_usb_init
 .text.hw_endpoint_xfer_start
                0x1000503c       0x60 CMakeFiles/dma_audio.dir/C_/Users/ruair/.pico-sdk/sdk/2.1.0/lib/tinyusb/src/portable/raspberrypi/rp2040/rp2040_usb.c.obj
                0x1000503c                hw_endpoint_xfer_start
 .text.configuration_reset
                0x1000509c       0x84 CMakeFiles/dma_audio.dir/C_/Users/ruair/.pico-sdk/sdk/2.1.0/lib/tinyusb/src/device/usbd.c.obj
 .text.usbd_reset
                0x10005120        0xc CMakeFiles/dma_audio.dir/C_/Users/ruair/.pico-sdk/sdk/2.1.0/lib/tinyusb/src/device/usbd.c.obj
 .text.invoke_class_control
                0x1000512c       0x1a CMakeFiles/dma_audio.dir/C_/Users/ruair/.pico-sdk/sdk/2.1.0/lib/tinyusb/src/device/usbd.c.obj
 *fill*         0x10005146        0x2 
 .text.process_set_config
                0x10005148      0x19c CMakeFiles/dma_audio.dir/C_/Users/ruair/.pico-sdk/sdk/2.1.0/lib/tinyusb/src/device/usbd.c.obj
 .text.tud_event_hook_cb
                0x100052e4        0x2 CMakeFiles/dma_audio.dir/C_/Users/ruair/.pico-sdk/sdk/2.1.0/lib/tinyusb/src/device/usbd.c.obj
                0x100052e4                tud_event_hook_cb
 .text.tud_sof_cb
                0x100052e6        0x2 CMakeFiles/dma_audio.dir/C_/Users/ruair/.pico-sdk/sdk/2.1.0/lib/tinyusb/src/device/usbd.c.obj
                0x100052e6                tud_sof_cb
 .text.tud_descriptor_device_qualifier_cb
                0x100052e8        0x4 CMakeFiles/dma_audio.dir/C_/Users/ruair/.pico-sdk/sdk/2.1.0/lib/tinyusb/src/device/usbd.c.obj
                0x100052e8                tud_descriptor_device_qualifier_cb
 .text.tud_descriptor_other_speed_configuration_cb
                0x100052ec        0x4 CMakeFiles/dma_audio.dir/C_/Users/ruair/.pico-sdk/sdk/2.1.0/lib/tinyusb/src/device/usbd.c.obj
                0x100052ec                tud_descriptor_other_speed_configuration_cb
 .text.process_get_descriptor
                0x100052f0       0xe0 CMakeFiles/dma_audio.dir/C_/Users/ruair/.pico-sdk/sdk/2.1.0/lib/tinyusb/src/device/usbd.c.obj
 .text.tud_mount_cb
                0x100053d0        0x2 CMakeFiles/dma_audio.dir/C_/Users/ruair/.pico-sdk/sdk/2.1.0/lib/tinyusb/src/device/usbd.c.obj
                0x100053d0                tud_mount_cb
 .text.tud_umount_cb
                0x100053d2        0x2 CMakeFiles/dma_audio.dir/C_/Users/ruair/.pico-sdk/sdk/2.1.0/lib/tinyusb/src/device/usbd.c.obj
                0x100053d2                tud_umount_cb
 .text.tud_suspend_cb
                0x100053d4        0x2 CMakeFiles/dma_audio.dir/C_/Users/ruair/.pico-sdk/sdk/2.1.0/lib/tinyusb/src/device/usbd.c.obj
                0x100053d4                tud_suspend_cb
 .text.tud_resume_cb
                0x100053d6        0x2 CMakeFiles/dma_audio.dir/C_/Users/ruair/.pico-sdk/sdk/2.1.0/lib/tinyusb/src/device/usbd.c.obj
                0x100053d6                tud_resume_cb
 .text.tud_mounted
                0x100053d8       0x10 CMakeFiles/dma_audio.dir/C_/Users/ruair/.pico-sdk/sdk/2.1.0/lib/tinyusb/src/device/usbd.c.obj
                0x100053d8                tud_mounted
 .text.tud_suspended
                0x100053e8       0x10 CMakeFiles/dma_audio.dir/C_/Users/ruair/.pico-sdk/sdk/2.1.0/lib/tinyusb/src/device/usbd.c.obj
                0x100053e8                tud_suspended
 .text.tud_inited
                0x100053f8       0x14 CMakeFiles/dma_audio.dir/C_/Users/ruair/.pico-sdk/sdk/2.1.0/lib/tinyusb/src/device/usbd.c.obj
                0x100053f8                tud_inited
 .text.tud_init
                0x1000540c       0xdc CMakeFiles/dma_audio.dir/C_/Users/ruair/.pico-sdk/sdk/2.1.0/lib/tinyusb/src/device/usbd.c.obj
                0x1000540c                tud_init
 .text.usbd_edpt_open
                0x100054e8       0x60 CMakeFiles/dma_audio.dir/C_/Users/ruair/.pico-sdk/sdk/2.1.0/lib/tinyusb/src/device/usbd.c.obj
                0x100054e8                usbd_edpt_open
 .text.usbd_open_edpt_pair
                0x10005548       0x88 CMakeFiles/dma_audio.dir/C_/Users/ruair/.pico-sdk/sdk/2.1.0/lib/tinyusb/src/device/usbd.c.obj
                0x10005548                usbd_open_edpt_pair
 .text.usbd_edpt_claim
                0x100055d0       0x28 CMakeFiles/dma_audio.dir/C_/Users/ruair/.pico-sdk/sdk/2.1.0/lib/tinyusb/src/device/usbd.c.obj
                0x100055d0                usbd_edpt_claim
 .text.usbd_edpt_release
                0x100055f8       0x28 CMakeFiles/dma_audio.dir/C_/Users/ruair/.pico-sdk/sdk/2.1.0/lib/tinyusb/src/device/usbd.c.obj
                0x100055f8                usbd_edpt_release
 .text.usbd_edpt_xfer
                0x10005620       0x88 CMakeFiles/dma_audio.dir/C_/Users/ruair/.pico-sdk/sdk/2.1.0/lib/tinyusb/src/device/usbd.c.obj
                0x10005620                usbd_edpt_xfer
 .text.usbd_edpt_stall
                0x100056a8       0x34 CMakeFiles/dma_audio.dir/C_/Users/ruair/.pico-sdk/sdk/2.1.0/lib/tinyusb/src/device/usbd.c.obj
                0x100056a8                usbd_edpt_stall
 .text.usbd_edpt_clear_stall
                0x100056dc       0x34 CMakeFiles/dma_audio.dir/C_/Users/ruair/.pico-sdk/sdk/2.1.0/lib/tinyusb/src/device/usbd.c.obj
                0x100056dc                usbd_edpt_clear_stall
 .text.usbd_edpt_stalled
                0x10005710       0x1c CMakeFiles/dma_audio.dir/C_/Users/ruair/.pico-sdk/sdk/2.1.0/lib/tinyusb/src/device/usbd.c.obj
                0x10005710                usbd_edpt_stalled
 .text.process_control_request
                0x1000572c      0x394 CMakeFiles/dma_audio.dir/C_/Users/ruair/.pico-sdk/sdk/2.1.0/lib/tinyusb/src/device/usbd.c.obj
 .text.tud_task_ext
                0x10005ac0      0x1d8 CMakeFiles/dma_audio.dir/C_/Users/ruair/.pico-sdk/sdk/2.1.0/lib/tinyusb/src/device/usbd.c.obj
                0x10005ac0                tud_task_ext
 .text._data_stage_xact
                0x10005c98       0x60 CMakeFiles/dma_audio.dir/C_/Users/ruair/.pico-sdk/sdk/2.1.0/lib/tinyusb/src/device/usbd_control.c.obj
 .text.tud_control_status
                0x10005cf8       0x38 CMakeFiles/dma_audio.dir/C_/Users/ruair/.pico-sdk/sdk/2.1.0/lib/tinyusb/src/device/usbd_control.c.obj
                0x10005cf8                tud_control_status
 .text.tud_control_xfer
                0x10005d30       0xa8 CMakeFiles/dma_audio.dir/C_/Users/ruair/.pico-sdk/sdk/2.1.0/lib/tinyusb/src/device/usbd_control.c.obj
                0x10005d30                tud_control_xfer
 .text.usbd_control_reset
                0x10005dd8       0x14 CMakeFiles/dma_audio.dir/C_/Users/ruair/.pico-sdk/sdk/2.1.0/lib/tinyusb/src/device/usbd_control.c.obj
                0x10005dd8                usbd_control_reset
 .text.usbd_control_set_complete_callback
                0x10005dec        0xc CMakeFiles/dma_audio.dir/C_/Users/ruair/.pico-sdk/sdk/2.1.0/lib/tinyusb/src/device/usbd_control.c.obj
                0x10005dec                usbd_control_set_complete_callback
 .text.usbd_control_set_request
                0x10005df8       0x1c CMakeFiles/dma_audio.dir/C_/Users/ruair/.pico-sdk/sdk/2.1.0/lib/tinyusb/src/device/usbd_control.c.obj
                0x10005df8                usbd_control_set_request
 .text.usbd_control_xfer_cb
                0x10005e14       0xf4 CMakeFiles/dma_audio.dir/C_/Users/ruair/.pico-sdk/sdk/2.1.0/lib/tinyusb/src/device/usbd_control.c.obj
                0x10005e14                usbd_control_xfer_cb
 .text._prep_out_transaction
                0x10005f08       0x72 CMakeFiles/dma_audio.dir/C_/Users/ruair/.pico-sdk/sdk/2.1.0/lib/tinyusb/src/class/cdc/cdc_device.c.obj
 *fill*         0x10005f7a        0x2 
 .text.tud_cdc_n_connected
                0x10005f7c       0x44 CMakeFiles/dma_audio.dir/C_/Users/ruair/.pico-sdk/sdk/2.1.0/lib/tinyusb/src/class/cdc/cdc_device.c.obj
                0x10005f7c                tud_cdc_n_connected
 .text.tud_cdc_n_available
                0x10005fc0       0x18 CMakeFiles/dma_audio.dir/C_/Users/ruair/.pico-sdk/sdk/2.1.0/lib/tinyusb/src/class/cdc/cdc_device.c.obj
                0x10005fc0                tud_cdc_n_available
 .text.tud_cdc_n_read
                0x10005fd8       0x38 CMakeFiles/dma_audio.dir/C_/Users/ruair/.pico-sdk/sdk/2.1.0/lib/tinyusb/src/class/cdc/cdc_device.c.obj
                0x10005fd8                tud_cdc_n_read
 .text.tud_cdc_n_write_flush
                0x10006010       0xcc CMakeFiles/dma_audio.dir/C_/Users/ruair/.pico-sdk/sdk/2.1.0/lib/tinyusb/src/class/cdc/cdc_device.c.obj
                0x10006010                tud_cdc_n_write_flush
 .text.tud_cdc_n_write
                0x100060dc       0x48 CMakeFiles/dma_audio.dir/C_/Users/ruair/.pico-sdk/sdk/2.1.0/lib/tinyusb/src/class/cdc/cdc_device.c.obj
                0x100060dc                tud_cdc_n_write
 .text.tud_cdc_n_write_available
                0x10006124       0x1c CMakeFiles/dma_audio.dir/C_/Users/ruair/.pico-sdk/sdk/2.1.0/lib/tinyusb/src/class/cdc/cdc_device.c.obj
                0x10006124                tud_cdc_n_write_available
 .text.cdcd_init
                0x10006140       0xc0 CMakeFiles/dma_audio.dir/C_/Users/ruair/.pico-sdk/sdk/2.1.0/lib/tinyusb/src/class/cdc/cdc_device.c.obj
                0x10006140                cdcd_init
 .text.cdcd_deinit
                0x10006200       0x50 CMakeFiles/dma_audio.dir/C_/Users/ruair/.pico-sdk/sdk/2.1.0/lib/tinyusb/src/class/cdc/cdc_device.c.obj
                0x10006200                cdcd_deinit
 .text.cdcd_reset
                0x10006250       0x78 CMakeFiles/dma_audio.dir/C_/Users/ruair/.pico-sdk/sdk/2.1.0/lib/tinyusb/src/class/cdc/cdc_device.c.obj
                0x10006250                cdcd_reset
 .text.cdcd_open
                0x100062c8       0xf8 CMakeFiles/dma_audio.dir/C_/Users/ruair/.pico-sdk/sdk/2.1.0/lib/tinyusb/src/class/cdc/cdc_device.c.obj
                0x100062c8                cdcd_open
 .text.cdcd_control_xfer_cb
                0x100063c0      0x138 CMakeFiles/dma_audio.dir/C_/Users/ruair/.pico-sdk/sdk/2.1.0/lib/tinyusb/src/class/cdc/cdc_device.c.obj
                0x100063c0                cdcd_control_xfer_cb
 .text.cdcd_xfer_cb
                0x100064f8      0x144 CMakeFiles/dma_audio.dir/C_/Users/ruair/.pico-sdk/sdk/2.1.0/lib/tinyusb/src/class/cdc/cdc_device.c.obj
                0x100064f8                cdcd_xfer_cb
 .text.tud_vendor_n_mounted
                0x1000663c       0x38 CMakeFiles/dma_audio.dir/C_/Users/ruair/.pico-sdk/sdk/2.1.0/lib/tinyusb/src/class/vendor/vendor_device.c.obj
                0x1000663c                tud_vendor_n_mounted
 .text.tud_vendor_n_write_flush
                0x10006674       0x24 CMakeFiles/dma_audio.dir/C_/Users/ruair/.pico-sdk/sdk/2.1.0/lib/tinyusb/src/class/vendor/vendor_device.c.obj
                0x10006674                tud_vendor_n_write_flush
 .text.vendord_init
                0x10006698       0x90 CMakeFiles/dma_audio.dir/C_/Users/ruair/.pico-sdk/sdk/2.1.0/lib/tinyusb/src/class/vendor/vendor_device.c.obj
                0x10006698                vendord_init
 .text.vendord_deinit
                0x10006728       0x38 CMakeFiles/dma_audio.dir/C_/Users/ruair/.pico-sdk/sdk/2.1.0/lib/tinyusb/src/class/vendor/vendor_device.c.obj
                0x10006728                vendord_deinit
 .text.vendord_reset
                0x10006760       0x3c CMakeFiles/dma_audio.dir/C_/Users/ruair/.pico-sdk/sdk/2.1.0/lib/tinyusb/src/class/vendor/vendor_device.c.obj
                0x10006760                vendord_reset
 .text.vendord_open
                0x1000679c      0x174 CMakeFiles/dma_audio.dir/C_/Users/ruair/.pico-sdk/sdk/2.1.0/lib/tinyusb/src/class/vendor/vendor_device.c.obj
                0x1000679c                vendord_open
 .text.vendord_xfer_cb
                0x10006910       0xc0 CMakeFiles/dma_audio.dir/C_/Users/ruair/.pico-sdk/sdk/2.1.0/lib/tinyusb/src/class/vendor/vendor_device.c.obj
                0x10006910                vendord_xfer_cb
 .text.tusb_init
                0x100069d0       0x24 CMakeFiles/dma_audio.dir/C_/Users/ruair/.pico-sdk/sdk/2.1.0/lib/tinyusb/src/tusb.c.obj
                0x100069d0                tusb_init
 .text.tu_edpt_claim
                0x100069f4       0x50 CMakeFiles/dma_audio.dir/C_/Users/ruair/.pico-sdk/sdk/2.1.0/lib/tinyusb/src/tusb.c.obj
                0x100069f4                tu_edpt_claim
 .text.tu_edpt_release
                0x10006a44       0x3c CMakeFiles/dma_audio.dir/C_/Users/ruair/.pico-sdk/sdk/2.1.0/lib/tinyusb/src/tusb.c.obj
                0x10006a44                tu_edpt_release
 .text.tu_edpt_validate
                0x10006a80       0xac CMakeFiles/dma_audio.dir/C_/Users/ruair/.pico-sdk/sdk/2.1.0/lib/tinyusb/src/tusb.c.obj
                0x10006a80                tu_edpt_validate
 .text.tu_edpt_bind_driver
                0x10006b2c       0x26 CMakeFiles/dma_audio.dir/C_/Users/ruair/.pico-sdk/sdk/2.1.0/lib/tinyusb/src/tusb.c.obj
                0x10006b2c                tu_edpt_bind_driver
 .text.tu_edpt_stream_init
                0x10006b52       0x68 CMakeFiles/dma_audio.dir/C_/Users/ruair/.pico-sdk/sdk/2.1.0/lib/tinyusb/src/tusb.c.obj
                0x10006b52                tu_edpt_stream_init
 .text.tu_edpt_stream_deinit
                0x10006bba        0x4 CMakeFiles/dma_audio.dir/C_/Users/ruair/.pico-sdk/sdk/2.1.0/lib/tinyusb/src/tusb.c.obj
                0x10006bba                tu_edpt_stream_deinit
 *fill*         0x10006bbe        0x2 
 .text.tu_edpt_stream_write_zlp_if_needed
                0x10006bc0       0x80 CMakeFiles/dma_audio.dir/C_/Users/ruair/.pico-sdk/sdk/2.1.0/lib/tinyusb/src/tusb.c.obj
                0x10006bc0                tu_edpt_stream_write_zlp_if_needed
 .text.tu_edpt_stream_write_xfer
                0x10006c40       0x84 CMakeFiles/dma_audio.dir/C_/Users/ruair/.pico-sdk/sdk/2.1.0/lib/tinyusb/src/tusb.c.obj
                0x10006c40                tu_edpt_stream_write_xfer
 .text.tu_edpt_stream_read_xfer
                0x10006cc4       0xf4 CMakeFiles/dma_audio.dir/C_/Users/ruair/.pico-sdk/sdk/2.1.0/lib/tinyusb/src/tusb.c.obj
                0x10006cc4                tu_edpt_stream_read_xfer
 .text.advance_index
                0x10006db8       0x1a CMakeFiles/dma_audio.dir/C_/Users/ruair/.pico-sdk/sdk/2.1.0/lib/tinyusb/src/common/tusb_fifo.c.obj
 .text._tu_fifo_peek
                0x10006dd2       0x56 CMakeFiles/dma_audio.dir/C_/Users/ruair/.pico-sdk/sdk/2.1.0/lib/tinyusb/src/common/tusb_fifo.c.obj
 .text._ff_pull_n
                0x10006e28       0x68 CMakeFiles/dma_audio.dir/C_/Users/ruair/.pico-sdk/sdk/2.1.0/lib/tinyusb/src/common/tusb_fifo.c.obj
 .text._tu_fifo_peek_n
                0x10006e90       0x6a CMakeFiles/dma_audio.dir/C_/Users/ruair/.pico-sdk/sdk/2.1.0/lib/tinyusb/src/common/tusb_fifo.c.obj
 .text._tu_fifo_read_n
                0x10006efa       0x4e CMakeFiles/dma_audio.dir/C_/Users/ruair/.pico-sdk/sdk/2.1.0/lib/tinyusb/src/common/tusb_fifo.c.obj
 .text._ff_push_n
                0x10006f48       0x68 CMakeFiles/dma_audio.dir/C_/Users/ruair/.pico-sdk/sdk/2.1.0/lib/tinyusb/src/common/tusb_fifo.c.obj
 .text._tu_fifo_write_n
                0x10006fb0       0xf0 CMakeFiles/dma_audio.dir/C_/Users/ruair/.pico-sdk/sdk/2.1.0/lib/tinyusb/src/common/tusb_fifo.c.obj
 .text.tu_fifo_config
                0x100070a0       0x7c CMakeFiles/dma_audio.dir/C_/Users/ruair/.pico-sdk/sdk/2.1.0/lib/tinyusb/src/common/tusb_fifo.c.obj
                0x100070a0                tu_fifo_config
 .text.tu_fifo_count
                0x1000711c       0x2a CMakeFiles/dma_audio.dir/C_/Users/ruair/.pico-sdk/sdk/2.1.0/lib/tinyusb/src/common/tusb_fifo.c.obj
                0x1000711c                tu_fifo_count
 .text.tu_fifo_empty
                0x10007146       0x10 CMakeFiles/dma_audio.dir/C_/Users/ruair/.pico-sdk/sdk/2.1.0/lib/tinyusb/src/common/tusb_fifo.c.obj
                0x10007146                tu_fifo_empty
 .text.tu_fifo_full
                0x10007156       0x28 CMakeFiles/dma_audio.dir/C_/Users/ruair/.pico-sdk/sdk/2.1.0/lib/tinyusb/src/common/tusb_fifo.c.obj
                0x10007156                tu_fifo_full
 .text.tu_fifo_remaining
                0x1000717e       0x2c CMakeFiles/dma_audio.dir/C_/Users/ruair/.pico-sdk/sdk/2.1.0/lib/tinyusb/src/common/tusb_fifo.c.obj
                0x1000717e                tu_fifo_remaining
 .text.tu_fifo_read
                0x100071aa       0x42 CMakeFiles/dma_audio.dir/C_/Users/ruair/.pico-sdk/sdk/2.1.0/lib/tinyusb/src/common/tusb_fifo.c.obj
                0x100071aa                tu_fifo_read
 .text.tu_fifo_read_n
                0x100071ec        0xa CMakeFiles/dma_audio.dir/C_/Users/ruair/.pico-sdk/sdk/2.1.0/lib/tinyusb/src/common/tusb_fifo.c.obj
                0x100071ec                tu_fifo_read_n
 .text.tu_fifo_write
                0x100071f6       0x64 CMakeFiles/dma_audio.dir/C_/Users/ruair/.pico-sdk/sdk/2.1.0/lib/tinyusb/src/common/tusb_fifo.c.obj
                0x100071f6                tu_fifo_write
 .text.tu_fifo_write_n
                0x1000725a        0xa CMakeFiles/dma_audio.dir/C_/Users/ruair/.pico-sdk/sdk/2.1.0/lib/tinyusb/src/common/tusb_fifo.c.obj
                0x1000725a                tu_fifo_write_n
 .text.tu_fifo_clear
                0x10007264       0x3e CMakeFiles/dma_audio.dir/C_/Users/ruair/.pico-sdk/sdk/2.1.0/lib/tinyusb/src/common/tusb_fifo.c.obj
                0x10007264                tu_fifo_clear
 .text.tu_fifo_set_overwritable
                0x100072a2       0x46 CMakeFiles/dma_audio.dir/C_/Users/ruair/.pico-sdk/sdk/2.1.0/lib/tinyusb/src/common/tusb_fifo.c.obj
                0x100072a2                tu_fifo_set_overwritable
 .text.adc_init
                0x100072e8       0x34 CMakeFiles/dma_audio.dir/C_/Users/ruair/.pico-sdk/sdk/2.1.0/src/rp2_common/hardware_adc/adc.c.obj
                0x100072e8                adc_init
 .text.i2c_write_blocking_internal
                0x1000731c      0x158 CMakeFiles/dma_audio.dir/C_/Users/ruair/.pico-sdk/sdk/2.1.0/src/rp2_common/hardware_i2c/i2c.c.obj
 .text.i2c_set_baudrate
                0x10007474       0xf0 CMakeFiles/dma_audio.dir/C_/Users/ruair/.pico-sdk/sdk/2.1.0/src/rp2_common/hardware_i2c/i2c.c.obj
                0x10007474                i2c_set_baudrate
 .text.i2c_init
                0x10007564       0x6c CMakeFiles/dma_audio.dir/C_/Users/ruair/.pico-sdk/sdk/2.1.0/src/rp2_common/hardware_i2c/i2c.c.obj
                0x10007564                i2c_init
 .text.i2c_write_blocking
                0x100075d0       0x18 CMakeFiles/dma_audio.dir/C_/Users/ruair/.pico-sdk/sdk/2.1.0/src/rp2_common/hardware_i2c/i2c.c.obj
                0x100075d0                i2c_write_blocking
 .text._ZN12pico_ssd13067SSD13068setPixelEssNS_9WriteModeE
                0x100075e8       0x9c pico-ssd1306/libpico_ssd1306.a(ssd1306.cpp.obj)
                0x100075e8                pico_ssd1306::SSD1306::setPixel(short, short, pico_ssd1306::WriteMode)
 .text._ZN12pico_ssd13067SSD13065clearEv
                0x10007684        0xa pico-ssd1306/libpico_ssd1306.a(ssd1306.cpp.obj)
                0x10007684                pico_ssd1306::SSD1306::clear()
 .text._ZN12pico_ssd13067SSD13063cmdEh
                0x1000768e       0x1e pico-ssd1306/libpico_ssd1306.a(ssd1306.cpp.obj)
                0x1000768e                pico_ssd1306::SSD1306::cmd(unsigned char)
 .text._ZN12pico_ssd13067SSD130610sendBufferEv
                0x100076ac       0x74 pico-ssd1306/libpico_ssd1306.a(ssd1306.cpp.obj)
                0x100076ac                pico_ssd1306::SSD1306::sendBuffer()
 .text._ZN12pico_ssd13067SSD1306C2EP8i2c_insttNS_4SizeE
                0x10007720       0x6c pico-ssd1306/libpico_ssd1306.a(ssd1306.cpp.obj)
                0x10007720                pico_ssd1306::SSD1306::SSD1306(i2c_inst*, unsigned short, pico_ssd1306::Size)
                0x10007720                pico_ssd1306::SSD1306::SSD1306(i2c_inst*, unsigned short, pico_ssd1306::Size)
 .text._ZN11FrameBufferC2Ev
                0x1000778c       0x12 pico-ssd1306/libpico_ssd1306.a(FrameBuffer.cpp.obj)
                0x1000778c                FrameBuffer::FrameBuffer()
                0x1000778c                FrameBuffer::FrameBuffer()
 .text._ZN11FrameBuffer6byteOREih
                0x1000779e       0x12 pico-ssd1306/libpico_ssd1306.a(FrameBuffer.cpp.obj)
                0x1000779e                FrameBuffer::byteOR(int, unsigned char)
 .text._ZN11FrameBuffer7byteANDEih
                0x100077b0       0x12 pico-ssd1306/libpico_ssd1306.a(FrameBuffer.cpp.obj)
                0x100077b0                FrameBuffer::byteAND(int, unsigned char)
 .text._ZN11FrameBuffer7byteXOREih
                0x100077c2       0x12 pico-ssd1306/libpico_ssd1306.a(FrameBuffer.cpp.obj)
                0x100077c2                FrameBuffer::byteXOR(int, unsigned char)
 .text._ZN11FrameBuffer5clearEv
                0x100077d4       0x10 pico-ssd1306/libpico_ssd1306.a(FrameBuffer.cpp.obj)
                0x100077d4                FrameBuffer::clear()
 .text._ZN11FrameBuffer3getEv
                0x100077e4        0x4 pico-ssd1306/libpico_ssd1306.a(FrameBuffer.cpp.obj)
                0x100077e4                FrameBuffer::get()
 .text._ZN12pico_ssd13068drawCharEPNS_7SSD1306EPKhchhNS_9WriteModeENS_8RotationE
                0x100077e8       0xc8 pico-ssd1306/textRenderer/libssd1306_textRenderer.a(TextRenderer.cpp.obj)
                0x100077e8                pico_ssd1306::drawChar(pico_ssd1306::SSD1306*, unsigned char const*, char, unsigned char, unsigned char, pico_ssd1306::WriteMode, pico_ssd1306::Rotation)
 .text._ZN12pico_ssd13068drawTextEPNS_7SSD1306EPKhPKchhNS_9WriteModeENS_8RotationE
                0x100078b0       0x92 pico-ssd1306/textRenderer/libssd1306_textRenderer.a(TextRenderer.cpp.obj)
                0x100078b0                pico_ssd1306::drawText(pico_ssd1306::SSD1306*, unsigned char const*, char const*, unsigned char, unsigned char, pico_ssd1306::WriteMode, pico_ssd1306::Rotation)
 *fill*         0x10007942        0x2 
 .text.malloc   0x10007944       0x14 c:/progra~2/gnuarm~1/102021~1.10/bin/../lib/gcc/arm-none-eabi/10.3.1/../../../../arm-none-eabi/lib/thumb/v6-m/nofp\libg.a(lib_a-malloc.o)
                0x10007944                malloc
 .text._malloc_r
                0x10007958      0x584 c:/progra~2/gnuarm~1/102021~1.10/bin/../lib/gcc/arm-none-eabi/10.3.1/../../../../arm-none-eabi/lib/thumb/v6-m/nofp\libg.a(lib_a-mallocr.o)
                0x10007958                _malloc_r
 .text.__malloc_lock
                0x10007edc       0x10 c:/progra~2/gnuarm~1/102021~1.10/bin/../lib/gcc/arm-none-eabi/10.3.1/../../../../arm-none-eabi/lib/thumb/v6-m/nofp\libg.a(lib_a-mlock.o)
                0x10007edc                __malloc_lock
 .text.__malloc_unlock
                0x10007eec       0x10 c:/progra~2/gnuarm~1/102021~1.10/bin/../lib/gcc/arm-none-eabi/10.3.1/../../../../arm-none-eabi/lib/thumb/v6-m/nofp\libg.a(lib_a-mlock.o)
                0x10007eec                __malloc_unlock
 .text._sbrk_r  0x10007efc       0x24 c:/progra~2/gnuarm~1/102021~1.10/bin/../lib/gcc/arm-none-eabi/10.3.1/../../../../arm-none-eabi/lib/thumb/v6-m/nofp\libg.a(lib_a-sbrkr.o)
                0x10007efc                _sbrk_r
 .text.strlen   0x10007f20       0x5c c:/progra~2/gnuarm~1/102021~1.10/bin/../lib/gcc/arm-none-eabi/10.3.1/../../../../arm-none-eabi/lib/thumb/v6-m/nofp\libg.a(lib_a-strlen-stub.o)
                0x10007f20                strlen
 .text._malloc_trim_r
                0x10007f7c       0x9c c:/progra~2/gnuarm~1/102021~1.10/bin/../lib/gcc/arm-none-eabi/10.3.1/../../../../arm-none-eabi/lib/thumb/v6-m/nofp\libg.a(lib_a-freer.o)
                0x10007f7c                _malloc_trim_r
 .text._free_r  0x10008018      0x1c4 c:/progra~2/gnuarm~1/102021~1.10/bin/../lib/gcc/arm-none-eabi/10.3.1/../../../../arm-none-eabi/lib/thumb/v6-m/nofp\libg.a(lib_a-freer.o)
                0x10008018                _free_r
 .text.__retarget_lock_acquire_recursive
                0x100081dc        0x4 c:/progra~2/gnuarm~1/102021~1.10/bin/../lib/gcc/arm-none-eabi/10.3.1/../../../../arm-none-eabi/lib/thumb/v6-m/nofp\libg.a(lib_a-lock.o)
                0x100081dc                __retarget_lock_acquire_recursive
 .text.__retarget_lock_release_recursive
                0x100081e0        0x4 c:/progra~2/gnuarm~1/102021~1.10/bin/../lib/gcc/arm-none-eabi/10.3.1/../../../../arm-none-eabi/lib/thumb/v6-m/nofp\libg.a(lib_a-lock.o)
                0x100081e0                __retarget_lock_release_recursive
 *(.fini)
 .fini          0x100081e4        0x4 c:/progra~2/gnuarm~1/102021~1.10/bin/../lib/gcc/arm-none-eabi/10.3.1/thumb/v6-m/nofp/crti.o
                0x100081e4                _fini
 .fini.__stub   0x100081e8       0xd0 linker stubs
 *crtbegin.o(.ctors)
 *crtbegin?.o(.ctors)
 *(EXCLUDE_FILE(*crtend.o *crtend?.o) .ctors)
 *(SORT_BY_NAME(.ctors.*))
 *(.ctors)
 *crtbegin.o(.dtors)
 *crtbegin?.o(.dtors)
 *(EXCLUDE_FILE(*crtend.o *crtend?.o) .dtors)
 *(SORT_BY_NAME(.dtors.*))
 *(.dtors)
                0x100082b8                . = ALIGN (0x4)
                0x100082b8                PROVIDE (__preinit_array_start = .)
 *(SORT_BY_NAME(.preinit_array.*))
 .preinit_array.00100
                0x100082b8        0x4 CMakeFiles/dma_audio.dir/C_/Users/ruair/.pico-sdk/sdk/2.1.0/src/rp2_common/pico_runtime_init/runtime_init.c.obj
                0x100082b8                __pre_init_runtime_init_early_resets
 .preinit_array.00101
                0x100082bc        0x4 CMakeFiles/dma_audio.dir/C_/Users/ruair/.pico-sdk/sdk/2.1.0/src/rp2_common/pico_runtime_init/runtime_init.c.obj
                0x100082bc                __pre_init_runtime_init_usb_power_down
 .preinit_array.00275
                0x100082c0        0x4 CMakeFiles/dma_audio.dir/C_/Users/ruair/.pico-sdk/sdk/2.1.0/src/rp2_common/pico_bit_ops/bit_ops_aeabi.S.obj
 .preinit_array.00300
                0x100082c4        0x4 CMakeFiles/dma_audio.dir/C_/Users/ruair/.pico-sdk/sdk/2.1.0/src/rp2_common/pico_mem_ops/mem_ops_aeabi.S.obj
 .preinit_array.00350
                0x100082c8        0x4 CMakeFiles/dma_audio.dir/C_/Users/ruair/.pico-sdk/sdk/2.1.0/src/rp2_common/pico_double/double_aeabi_rp2040.S.obj
 .preinit_array.00350
                0x100082cc        0x4 CMakeFiles/dma_audio.dir/C_/Users/ruair/.pico-sdk/sdk/2.1.0/src/rp2_common/pico_float/float_aeabi_rp2040.S.obj
 .preinit_array.00500
                0x100082d0        0x4 CMakeFiles/dma_audio.dir/C_/Users/ruair/.pico-sdk/sdk/2.1.0/src/rp2_common/pico_runtime_init/runtime_init.c.obj
                0x100082d0                __pre_init_runtime_init_clocks
 .preinit_array.00600
                0x100082d4        0x4 CMakeFiles/dma_audio.dir/C_/Users/ruair/.pico-sdk/sdk/2.1.0/src/rp2_common/pico_runtime_init/runtime_init.c.obj
                0x100082d4                __pre_init_runtime_init_post_clock_resets
 .preinit_array.00700
                0x100082d8        0x4 CMakeFiles/dma_audio.dir/C_/Users/ruair/.pico-sdk/sdk/2.1.0/src/rp2_common/pico_runtime_init/runtime_init.c.obj
                0x100082d8                __pre_init_runtime_init_rp2040_gpio_ie_disable
 .preinit_array.01000
                0x100082dc        0x4 CMakeFiles/dma_audio.dir/C_/Users/ruair/.pico-sdk/sdk/2.1.0/src/rp2_common/pico_runtime_init/runtime_init.c.obj
                0x100082dc                __pre_init_runtime_init_spin_locks_reset
 .preinit_array.01100
                0x100082e0        0x4 CMakeFiles/dma_audio.dir/C_/Users/ruair/.pico-sdk/sdk/2.1.0/src/common/pico_sync/mutex.c.obj
                0x100082e0                __pre_init_runtime_init_mutex
 .preinit_array.10080
                0x100082e4        0x4 CMakeFiles/dma_audio.dir/C_/Users/ruair/.pico-sdk/sdk/2.1.0/src/rp2_common/pico_runtime_init/runtime_init.c.obj
                0x100082e4                __pre_init_runtime_init_install_ram_vector_table
 .preinit_array.11000
                0x100082e8        0x4 CMakeFiles/dma_audio.dir/C_/Users/ruair/.pico-sdk/sdk/2.1.0/src/common/pico_time/time.c.obj
                0x100082e8                __pre_init_runtime_init_default_alarm_pool
 .preinit_array.YYYYY
                0x100082ec        0x4 CMakeFiles/dma_audio.dir/C_/Users/ruair/.pico-sdk/sdk/2.1.0/src/rp2_common/pico_runtime/runtime.c.obj
                0x100082ec                __pre_init_first_per_core_initializer
 .preinit_array.ZZZZZ.01200
                0x100082f0        0x4 CMakeFiles/dma_audio.dir/C_/Users/ruair/.pico-sdk/sdk/2.1.0/src/rp2_common/hardware_irq/irq.c.obj
                0x100082f0                __pre_init_runtime_init_per_core_irq_priorities
 *(.preinit_array)
                0x100082f4                PROVIDE (__preinit_array_end = .)
                0x100082f4                . = ALIGN (0x4)
                0x100082f4                PROVIDE (__init_array_start = .)
 *(SORT_BY_NAME(.init_array.*))
 *(.init_array)
 .init_array    0x100082f4        0x4 c:/progra~2/gnuarm~1/102021~1.10/bin/../lib/gcc/arm-none-eabi/10.3.1/thumb/v6-m/nofp/crtbegin.o
 .init_array    0x100082f8        0x4 CMakeFiles/dma_audio.dir/C_/Users/ruair/.pico-sdk/sdk/2.1.0/src/rp2_common/pico_unique_id/unique_id.c.obj
                0x100082fc                PROVIDE (__init_array_end = .)
                0x100082fc                . = ALIGN (0x4)
                [!provide]                PROVIDE (__fini_array_start = .)
 *(SORT_BY_NAME(.fini_array.*))
 *(.fini_array)
                [!provide]                PROVIDE (__fini_array_end = .)
 *(.eh_frame*)
 .eh_frame      0x100082fc        0x0 c:/progra~2/gnuarm~1/102021~1.10/bin/../lib/gcc/arm-none-eabi/10.3.1/thumb/v6-m/nofp/crtbegin.o
                0x100082fc                . = ALIGN (0x4)

.glue_7         0x100082fc        0x0
 .glue_7        0x100082fc        0x0 linker stubs

.glue_7t        0x100082fc        0x0
 .glue_7t       0x100082fc        0x0 linker stubs

.vfp11_veneer   0x100082fc        0x0
 .vfp11_veneer  0x100082fc        0x0 linker stubs

.v4_bx          0x100082fc        0x0
 .v4_bx         0x100082fc        0x0 linker stubs

.iplt           0x100082fc        0x0
 .iplt          0x100082fc        0x0 c:/progra~2/gnuarm~1/102021~1.10/bin/../lib/gcc/arm-none-eabi/10.3.1/thumb/v6-m/nofp/crtbegin.o

.rodata         0x10008300     0x17d4
 *(EXCLUDE_FILE(*libm.a: *libc.a:*lib_a-mem*.o *libgcc.a:) .rodata*)
 .rodata._Z17drawPercentageBarfii.str1.4
                0x10008300        0x6 CMakeFiles/dma_audio.dir/main.cpp.obj
                                  0xa (size before relaxing)
 *fill*         0x10008306        0x2 
 .rodata._Z12drawMainMenui.str1.4
                0x10008308       0x42 CMakeFiles/dma_audio.dir/main.cpp.obj
 *fill*         0x1000834a        0x2 
 .rodata._Z15drawSynthScreenv.str1.4
                0x1000834c       0x37 CMakeFiles/dma_audio.dir/main.cpp.obj
 *fill*         0x10008383        0x1 
 .rodata._Z16chooseSongScreenv.str1.4
                0x10008384       0x27 CMakeFiles/dma_audio.dir/main.cpp.obj
 *fill*         0x100083ab        0x1 
 .rodata._Z14drawSongScreenv.str1.4
                0x100083ac       0x48 CMakeFiles/dma_audio.dir/main.cpp.obj
 .rodata.str1.4
                0x100083f4       0x29 CMakeFiles/dma_audio.dir/main.cpp.obj
 *fill*         0x1000841d        0x3 
 .rodata._ZL8font_5x8
                0x10008420      0x1dd CMakeFiles/dma_audio.dir/main.cpp.obj
 *fill*         0x100085fd        0x3 
 .rodata.rp2040_chip_version.str1.4
                0x10008600       0x7d CMakeFiles/dma_audio.dir/C_/Users/ruair/.pico-sdk/sdk/2.1.0/src/rp2040/pico_platform/platform.c.obj
 *fill*         0x1000867d        0x3 
 .rodata.__func__.0
                0x10008680       0x14 CMakeFiles/dma_audio.dir/C_/Users/ruair/.pico-sdk/sdk/2.1.0/src/rp2040/pico_platform/platform.c.obj
 .rodata.panic.str1.4
                0x10008694       0x12 CMakeFiles/dma_audio.dir/C_/Users/ruair/.pico-sdk/sdk/2.1.0/src/rp2_common/pico_platform_panic/panic.c.obj
 *fill*         0x100086a6        0x2 
 .rodata.spin_lock_claim_unused.str1.4
                0x100086a8       0x1b CMakeFiles/dma_audio.dir/C_/Users/ruair/.pico-sdk/sdk/2.1.0/src/rp2_common/hardware_sync/sync.c.obj
 *fill*         0x100086c3        0x1 
 .rodata.make_j_16.str1.4
                0x100086c4       0x75 CMakeFiles/dma_audio.dir/C_/Users/ruair/.pico-sdk/sdk/2.1.0/src/rp2_common/hardware_irq/irq.c.obj
 *fill*         0x10008739        0x3 
 .rodata.irq_set_exclusive_handler.str1.4
                0x1000873c       0x36 CMakeFiles/dma_audio.dir/C_/Users/ruair/.pico-sdk/sdk/2.1.0/src/rp2_common/hardware_irq/irq.c.obj
 *fill*         0x10008772        0x2 
 .rodata.irq_add_shared_handler.str1.4
                0x10008774       0xe9 CMakeFiles/dma_audio.dir/C_/Users/ruair/.pico-sdk/sdk/2.1.0/src/rp2_common/hardware_irq/irq.c.obj
 *fill*         0x1000885d        0x3 
 .rodata.irq_add_tail_to_free_list.str1.4
                0x10008860       0x3a CMakeFiles/dma_audio.dir/C_/Users/ruair/.pico-sdk/sdk/2.1.0/src/rp2_common/hardware_irq/irq.c.obj
 *fill*         0x1000889a        0x2 
 .rodata.user_irq_claim_unused.str1.4
                0x1000889c       0x1b CMakeFiles/dma_audio.dir/C_/Users/ruair/.pico-sdk/sdk/2.1.0/src/rp2_common/hardware_irq/irq.c.obj
 *fill*         0x100088b7        0x1 
 .rodata.__func__.0
                0x100088b8       0x1a CMakeFiles/dma_audio.dir/C_/Users/ruair/.pico-sdk/sdk/2.1.0/src/rp2_common/hardware_irq/irq.c.obj
 *fill*         0x100088d2        0x2 
 .rodata.__func__.3
                0x100088d4        0xa CMakeFiles/dma_audio.dir/C_/Users/ruair/.pico-sdk/sdk/2.1.0/src/rp2_common/hardware_irq/irq.c.obj
 *fill*         0x100088de        0x2 
 .rodata.__func__.4
                0x100088e0        0xd CMakeFiles/dma_audio.dir/C_/Users/ruair/.pico-sdk/sdk/2.1.0/src/rp2_common/hardware_irq/irq.c.obj
 *fill*         0x100088ed        0x3 
 .rodata.__func__.5
                0x100088f0       0x17 CMakeFiles/dma_audio.dir/C_/Users/ruair/.pico-sdk/sdk/2.1.0/src/rp2_common/hardware_irq/irq.c.obj
 *fill*         0x10008907        0x1 
 .rodata.__func__.6
                0x10008908       0x1a CMakeFiles/dma_audio.dir/C_/Users/ruair/.pico-sdk/sdk/2.1.0/src/rp2_common/hardware_irq/irq.c.obj
 *fill*         0x10008922        0x2 
 .rodata.runtime_init_mutex.str1.4
                0x10008924       0x60 CMakeFiles/dma_audio.dir/C_/Users/ruair/.pico-sdk/sdk/2.1.0/src/common/pico_sync/mutex.c.obj
 .rodata.str1.4
                0x10008984       0x51 CMakeFiles/dma_audio.dir/C_/Users/ruair/.pico-sdk/sdk/2.1.0/src/common/pico_sync/mutex.c.obj
 *fill*         0x100089d5        0x3 
 .rodata.__func__.1
                0x100089d8        0xb CMakeFiles/dma_audio.dir/C_/Users/ruair/.pico-sdk/sdk/2.1.0/src/common/pico_sync/mutex.c.obj
 *fill*         0x100089e3        0x1 
 .rodata.__func__.3
                0x100089e4       0x18 CMakeFiles/dma_audio.dir/C_/Users/ruair/.pico-sdk/sdk/2.1.0/src/common/pico_sync/mutex.c.obj
 .rodata.__func__.6
                0x100089fc       0x13 CMakeFiles/dma_audio.dir/C_/Users/ruair/.pico-sdk/sdk/2.1.0/src/common/pico_sync/mutex.c.obj
 *fill*         0x10008a0f        0x1 
 .rodata.alarm_pool_irq_handler.str1.4
                0x10008a10       0x6b CMakeFiles/dma_audio.dir/C_/Users/ruair/.pico-sdk/sdk/2.1.0/src/common/pico_time/time.c.obj
 *fill*         0x10008a7b        0x1 
 .rodata.alarm_pool_get_default.str1.4
                0x10008a7c       0x21 CMakeFiles/dma_audio.dir/C_/Users/ruair/.pico-sdk/sdk/2.1.0/src/common/pico_time/time.c.obj
 *fill*         0x10008a9d        0x3 
 .rodata.sleep_until.str1.4
                0x10008aa0       0x4d CMakeFiles/dma_audio.dir/C_/Users/ruair/.pico-sdk/sdk/2.1.0/src/common/pico_time/time.c.obj
 *fill*         0x10008aed        0x3 
 .rodata.__func__.1
                0x10008af0       0x17 CMakeFiles/dma_audio.dir/C_/Users/ruair/.pico-sdk/sdk/2.1.0/src/common/pico_time/time.c.obj
 *fill*         0x10008b07        0x1 
 .rodata.__func__.2
                0x10008b08       0x17 CMakeFiles/dma_audio.dir/C_/Users/ruair/.pico-sdk/sdk/2.1.0/src/common/pico_time/time.c.obj
 *fill*         0x10008b1f        0x1 
 .rodata.timer_hardware_alarm_claim.str1.4
                0x10008b20       0x22 CMakeFiles/dma_audio.dir/C_/Users/ruair/.pico-sdk/sdk/2.1.0/src/rp2_common/hardware_timer/timer.c.obj
 *fill*         0x10008b42        0x2 
 .rodata.pll_init.str1.4
                0x10008b44      0x11c CMakeFiles/dma_audio.dir/C_/Users/ruair/.pico-sdk/sdk/2.1.0/src/rp2_common/hardware_pll/pll.c.obj
 .rodata.__func__.0
                0x10008c60        0x9 CMakeFiles/dma_audio.dir/C_/Users/ruair/.pico-sdk/sdk/2.1.0/src/rp2_common/hardware_pll/pll.c.obj
 *fill*         0x10008c69        0x3 
 .rodata.__aeabi_double_init.str1.4
                0x10008c6c       0x9b CMakeFiles/dma_audio.dir/C_/Users/ruair/.pico-sdk/sdk/2.1.0/src/rp2_common/pico_double/double_init_rom_rp2040.c.obj
 *fill*         0x10008d07        0x1 
 .rodata.__func__.0
                0x10008d08       0x14 CMakeFiles/dma_audio.dir/C_/Users/ruair/.pico-sdk/sdk/2.1.0/src/rp2_common/pico_double/double_init_rom_rp2040.c.obj
 .rodata.__aeabi_float_init.str1.4
                0x10008d1c       0x89 CMakeFiles/dma_audio.dir/C_/Users/ruair/.pico-sdk/sdk/2.1.0/src/rp2_common/pico_float/float_init_rom_rp2040.c.obj
                                 0x8d (size before relaxing)
 *fill*         0x10008da5        0x3 
 .rodata.__func__.0
                0x10008da8       0x13 CMakeFiles/dma_audio.dir/C_/Users/ruair/.pico-sdk/sdk/2.1.0/src/rp2_common/pico_float/float_init_rom_rp2040.c.obj
 *fill*         0x10008dbb        0x1 
 .rodata.__wrap_malloc.str1.4
                0x10008dbc        0xe CMakeFiles/dma_audio.dir/C_/Users/ruair/.pico-sdk/sdk/2.1.0/src/rp2_common/pico_malloc/malloc.c.obj
 *fill*         0x10008dca        0x2 
 .rodata.str1.4
                0x10008dcc       0x40 CMakeFiles/dma_audio.dir/C_/Users/ruair/.pico-sdk/sdk/2.1.0/src/rp2_common/pico_standard_binary_info/standard_binary_info.c.obj
 .rodata.__bi_26
                0x10008e0c        0xc CMakeFiles/dma_audio.dir/C_/Users/ruair/.pico-sdk/sdk/2.1.0/src/rp2_common/pico_standard_binary_info/standard_binary_info.c.obj
 .rodata.__bi_34
                0x10008e18        0xc CMakeFiles/dma_audio.dir/C_/Users/ruair/.pico-sdk/sdk/2.1.0/src/rp2_common/pico_standard_binary_info/standard_binary_info.c.obj
 .rodata.__bi_42
                0x10008e24        0xc CMakeFiles/dma_audio.dir/C_/Users/ruair/.pico-sdk/sdk/2.1.0/src/rp2_common/pico_standard_binary_info/standard_binary_info.c.obj
 .rodata.__bi_48
                0x10008e30        0xc CMakeFiles/dma_audio.dir/C_/Users/ruair/.pico-sdk/sdk/2.1.0/src/rp2_common/pico_standard_binary_info/standard_binary_info.c.obj
 .rodata.__bi_54
                0x10008e3c        0xc CMakeFiles/dma_audio.dir/C_/Users/ruair/.pico-sdk/sdk/2.1.0/src/rp2_common/pico_standard_binary_info/standard_binary_info.c.obj
 .rodata.__bi_78
                0x10008e48        0xc CMakeFiles/dma_audio.dir/C_/Users/ruair/.pico-sdk/sdk/2.1.0/src/rp2_common/pico_standard_binary_info/standard_binary_info.c.obj
 .rodata.__bi_84
                0x10008e54        0xc CMakeFiles/dma_audio.dir/C_/Users/ruair/.pico-sdk/sdk/2.1.0/src/rp2_common/pico_standard_binary_info/standard_binary_info.c.obj
 .rodata._ftoa.str1.4
                0x10008e60       0x15 CMakeFiles/dma_audio.dir/C_/Users/ruair/.pico-sdk/sdk/2.1.0/src/rp2_common/pico_printf/printf.c.obj
 *fill*         0x10008e75        0x3 
 .rodata._vsnprintf
                0x10008e78      0x1e0 CMakeFiles/dma_audio.dir/C_/Users/ruair/.pico-sdk/sdk/2.1.0/src/rp2_common/pico_printf/printf.c.obj
 .rodata.pow10.0
                0x10009058       0x50 CMakeFiles/dma_audio.dir/C_/Users/ruair/.pico-sdk/sdk/2.1.0/src/rp2_common/pico_printf/printf.c.obj
 .rodata.__assert_func.str1.4
                0x100090a8       0x3f CMakeFiles/dma_audio.dir/C_/Users/ruair/.pico-sdk/sdk/2.1.0/src/rp2_common/pico_clib_interface/newlib_interface.c.obj
                                 0x43 (size before relaxing)
 *fill*         0x100090e7        0x1 
 .rodata.crlf_str.0
                0x100090e8        0x2 CMakeFiles/dma_audio.dir/C_/Users/ruair/.pico-sdk/sdk/2.1.0/src/rp2_common/pico_stdio/stdio.c.obj
 *fill*         0x100090ea        0x2 
 .rodata._resetd_driver
                0x100090ec       0x20 CMakeFiles/dma_audio.dir/C_/Users/ruair/.pico-sdk/sdk/2.1.0/src/rp2_common/pico_stdio_usb/reset_interface.c.obj
 .rodata.desc_bos
                0x1000910c       0x21 CMakeFiles/dma_audio.dir/C_/Users/ruair/.pico-sdk/sdk/2.1.0/src/rp2_common/pico_stdio_usb/reset_interface.c.obj
                0x1000910c                desc_bos
 *fill*         0x1000912d        0x3 
 .rodata.desc_ms_os_20
                0x10009130       0xa6 CMakeFiles/dma_audio.dir/C_/Users/ruair/.pico-sdk/sdk/2.1.0/src/rp2_common/pico_stdio_usb/reset_interface.c.obj
 *fill*         0x100091d6        0x2 
 .rodata.stdio_usb_init.str1.4
                0x100091d8       0x55 CMakeFiles/dma_audio.dir/C_/Users/ruair/.pico-sdk/sdk/2.1.0/src/rp2_common/pico_stdio_usb/stdio_usb.c.obj
 *fill*         0x1000922d        0x3 
 .rodata.str1.4
                0x10009230       0x13 CMakeFiles/dma_audio.dir/C_/Users/ruair/.pico-sdk/sdk/2.1.0/src/rp2_common/pico_stdio_usb/stdio_usb.c.obj
 *fill*         0x10009243        0x1 
 .rodata.__bi_197.1
                0x10009244        0xc CMakeFiles/dma_audio.dir/C_/Users/ruair/.pico-sdk/sdk/2.1.0/src/rp2_common/pico_stdio_usb/stdio_usb.c.obj
 .rodata.__func__.2
                0x10009250        0xf CMakeFiles/dma_audio.dir/C_/Users/ruair/.pico-sdk/sdk/2.1.0/src/rp2_common/pico_stdio_usb/stdio_usb.c.obj
 *fill*         0x1000925f        0x1 
 .rodata.str1.4
                0x10009260       0x2a CMakeFiles/dma_audio.dir/C_/Users/ruair/.pico-sdk/sdk/2.1.0/src/rp2_common/pico_stdio_usb/stdio_usb_descriptors.c.obj
 *fill*         0x1000928a        0x2 
 .rodata.usbd_desc_cfg
                0x1000928c       0x54 CMakeFiles/dma_audio.dir/C_/Users/ruair/.pico-sdk/sdk/2.1.0/src/rp2_common/pico_stdio_usb/stdio_usb_descriptors.c.obj
 .rodata.usbd_desc_device
                0x100092e0       0x12 CMakeFiles/dma_audio.dir/C_/Users/ruair/.pico-sdk/sdk/2.1.0/src/rp2_common/pico_stdio_usb/stdio_usb_descriptors.c.obj
 *fill*         0x100092f2        0x2 
 .rodata.usbd_desc_str
                0x100092f4       0x18 CMakeFiles/dma_audio.dir/C_/Users/ruair/.pico-sdk/sdk/2.1.0/src/rp2_common/pico_stdio_usb/stdio_usb_descriptors.c.obj
 .rodata.pico_get_unique_board_id_string.str1.4
                0x1000930c       0x55 CMakeFiles/dma_audio.dir/C_/Users/ruair/.pico-sdk/sdk/2.1.0/src/rp2_common/pico_unique_id/unique_id.c.obj
 *fill*         0x10009361        0x3 
 .rodata.__func__.0
                0x10009364       0x20 CMakeFiles/dma_audio.dir/C_/Users/ruair/.pico-sdk/sdk/2.1.0/src/rp2_common/pico_unique_id/unique_id.c.obj
 .rodata.str1.4
                0x10009384      0x199 CMakeFiles/dma_audio.dir/C_/Users/ruair/.pico-sdk/sdk/2.1.0/src/rp2_common/hardware_flash/flash.c.obj
 *fill*         0x1000951d        0x3 
 .rodata.__func__.0
                0x10009520        0xd CMakeFiles/dma_audio.dir/C_/Users/ruair/.pico-sdk/sdk/2.1.0/src/rp2_common/hardware_flash/flash.c.obj
 *fill*         0x1000952d        0x3 
 .rodata._hw_endpoint_alloc.str1.4
                0x10009530       0xbd CMakeFiles/dma_audio.dir/C_/Users/ruair/.pico-sdk/sdk/2.1.0/lib/tinyusb/src/portable/raspberrypi/rp2040/dcd_rp2040.c.obj
 *fill*         0x100095ed        0x3 
 .rodata.str1.4
                0x100095f0       0x14 CMakeFiles/dma_audio.dir/C_/Users/ruair/.pico-sdk/sdk/2.1.0/lib/tinyusb/src/portable/raspberrypi/rp2040/dcd_rp2040.c.obj
 .rodata.dcd_int_enable.str1.4
                0x10009604        0xc CMakeFiles/dma_audio.dir/C_/Users/ruair/.pico-sdk/sdk/2.1.0/lib/tinyusb/src/portable/raspberrypi/rp2040/dcd_rp2040.c.obj
 .rodata.__func__.0
                0x10009610        0xe CMakeFiles/dma_audio.dir/C_/Users/ruair/.pico-sdk/sdk/2.1.0/lib/tinyusb/src/portable/raspberrypi/rp2040/dcd_rp2040.c.obj
 *fill*         0x1000961e        0x2 
 .rodata.__func__.1
                0x10009620        0xe CMakeFiles/dma_audio.dir/C_/Users/ruair/.pico-sdk/sdk/2.1.0/lib/tinyusb/src/portable/raspberrypi/rp2040/dcd_rp2040.c.obj
 *fill*         0x1000962e        0x2 
 .rodata.__func__.3
                0x10009630       0x10 CMakeFiles/dma_audio.dir/C_/Users/ruair/.pico-sdk/sdk/2.1.0/lib/tinyusb/src/portable/raspberrypi/rp2040/dcd_rp2040.c.obj
 .rodata.__func__.5
                0x10009640        0xf CMakeFiles/dma_audio.dir/C_/Users/ruair/.pico-sdk/sdk/2.1.0/lib/tinyusb/src/portable/raspberrypi/rp2040/dcd_rp2040.c.obj
 *fill*         0x1000964f        0x1 
 .rodata.__func__.6
                0x10009650       0x13 CMakeFiles/dma_audio.dir/C_/Users/ruair/.pico-sdk/sdk/2.1.0/lib/tinyusb/src/portable/raspberrypi/rp2040/dcd_rp2040.c.obj
 *fill*         0x10009663        0x1 
 .rodata.__func__.7